[LightGBM] [Info] Finished loading parameters
[LightGBM] [Info] Finished loading data in 18.145680 seconds
[LightGBM] [Info] Number of positive: 87462, number of negative: 12096828
[LightGBM] [Info] Total Bins 5970
[LightGBM] [Info] Number of data: 12184290, number of used features: 3442
[LightGBM] [Info] Finished initializing training
[LightGBM] [Info] Started training...
[LightGBM] [Info] Trained a tree with leaves=127 and max_depth=17
[LightGBM] [Info] Iteration:1, valid_1 auc : 0.587707
[LightGBM] [Info] 3.541787 seconds elapsed, finished iteration 1
[LightGBM] [Info] Trained a tree with leaves=127 and max_depth=18
[LightGBM] [Info] Iteration:2, valid_1 auc : 0.588151
[LightGBM] [Info] 6.820788 seconds elapsed, finished iteration 2
[LightGBM] [Info] Trained a tree with leaves=127 and max_depth=16
[LightGBM] [Info] Iteration:3, valid_1 auc : 0.588422
[LightGBM] [Info] 10.184050 seconds elapsed, finished iteration 3
[LightGBM] [Info] Trained a tree with leaves=127 and max_depth=16
[LightGBM] [Info] Iteration:4, valid_1 auc : 0.588876
[LightGBM] [Info] 13.633173 seconds elapsed, finished iteration 4
[LightGBM] [Info] Trained a tree with leaves=127 and max_depth=17
[LightGBM] [Info] Iteration:5, valid_1 auc : 0.589313
[LightGBM] [Info] 17.113606 seconds elapsed, finished iteration 5
[LightGBM] [Info] Trained a tree with leaves=127 and max_depth=14
[LightGBM] [Info] Iteration:6, valid_1 auc : 0.589475
[LightGBM] [Info] 20.574405 seconds elapsed, finished iteration 6
[LightGBM] [Info] Trained a tree with leaves=127 and max_depth=15
[LightGBM] [Info] Iteration:7, valid_1 auc : 0.590132
[LightGBM] [Info] 23.934611 seconds elapsed, finished iteration 7
[LightGBM] [Info] Trained a tree with leaves=127 and max_depth=17
[LightGBM] [Info] Iteration:8, valid_1 auc : 0.59229
[LightGBM] [Info] 27.387039 seconds elapsed, finished iteration 8
[LightGBM] [Info] Trained a tree with leaves=127 and max_depth=14
[LightGBM] [Info] Iteration:9, valid_1 auc : 0.592172
[LightGBM] [Info] 30.818859 seconds elapsed, finished iteration 9
[LightGBM] [Info] Trained a tree with leaves=127 and max_depth=18
[LightGBM] [Info] Iteration:10, valid_1 auc : 0.592616
[LightGBM] [Info] 33.973853 seconds elapsed, finished iteration 10
[LightGBM] [Info] Trained a tree with leaves=127 and max_depth=15
[LightGBM] [Info] Iteration:11, valid_1 auc : 0.592465
[LightGBM] [Info] 37.387200 seconds elapsed, finished iteration 11
[LightGBM] [Info] Trained a tree with leaves=127 and max_depth=18
[LightGBM] [Info] Iteration:12, valid_1 auc : 0.592594
[LightGBM] [Info] 40.633045 seconds elapsed, finished iteration 12
[LightGBM] [Info] Trained a tree with leaves=127 and max_depth=19
[LightGBM] [Info] Iteration:13, valid_1 auc : 0.592695
[LightGBM] [Info] 43.859265 seconds elapsed, finished iteration 13
[LightGBM] [Info] Trained a tree with leaves=127 and max_depth=16
[LightGBM] [Info] Iteration:14, valid_1 auc : 0.592685
[LightGBM] [Info] 47.256217 seconds elapsed, finished iteration 14
[LightGBM] [Info] Trained a tree with leaves=127 and max_depth=18
[LightGBM] [Info] Iteration:15, valid_1 auc : 0.592722
[LightGBM] [Info] 50.610689 seconds elapsed, finished iteration 15
[LightGBM] [Info] Trained a tree with leaves=127 and max_depth=14
[LightGBM] [Info] Iteration:16, valid_1 auc : 0.592632
[LightGBM] [Info] 54.099607 seconds elapsed, finished iteration 16
[LightGBM] [Info] Trained a tree with leaves=127 and max_depth=16
[LightGBM] [Info] Iteration:17, valid_1 auc : 0.592771
[LightGBM] [Info] 57.603075 seconds elapsed, finished iteration 17
[LightGBM] [Info] Trained a tree with leaves=127 and max_depth=16
[LightGBM] [Info] Iteration:18, valid_1 auc : 0.592552
[LightGBM] [Info] 89.539630 seconds elapsed, finished iteration 18
[LightGBM] [Info] Trained a tree with leaves=127 and max_depth=17
[LightGBM] [Info] Iteration:19, valid_1 auc : 0.592713
[LightGBM] [Info] 92.706673 seconds elapsed, finished iteration 19
[LightGBM] [Info] Trained a tree with leaves=127 and max_depth=17
[LightGBM] [Info] Iteration:20, valid_1 auc : 0.592638
[LightGBM] [Info] 95.857175 seconds elapsed, finished iteration 20
[LightGBM] [Info] Trained a tree with leaves=127 and max_depth=19
[LightGBM] [Info] Iteration:21, valid_1 auc : 0.59271
[LightGBM] [Info] 99.245786 seconds elapsed, finished iteration 21
[LightGBM] [Info] Trained a tree with leaves=127 and max_depth=16
[LightGBM] [Info] Iteration:22, valid_1 auc : 0.592667
[LightGBM] [Info] 102.408581 seconds elapsed, finished iteration 22
[LightGBM] [Info] Trained a tree with leaves=127 and max_depth=14
[LightGBM] [Info] Iteration:23, valid_1 auc : 0.592663
[LightGBM] [Info] 105.744898 seconds elapsed, finished iteration 23
[LightGBM] [Info] Trained a tree with leaves=127 and max_depth=14
[LightGBM] [Info] Iteration:24, valid_1 auc : 0.592693
[LightGBM] [Info] 109.174997 seconds elapsed, finished iteration 24
[LightGBM] [Info] Trained a tree with leaves=127 and max_depth=17
[LightGBM] [Info] Iteration:25, valid_1 auc : 0.592635
[LightGBM] [Info] 112.242429 seconds elapsed, finished iteration 25
[LightGBM] [Info] Trained a tree with leaves=127 and max_depth=16
[LightGBM] [Info] Iteration:26, valid_1 auc : 0.592729
[LightGBM] [Info] 115.612685 seconds elapsed, finished iteration 26
[LightGBM] [Info] Trained a tree with leaves=127 and max_depth=16
[LightGBM] [Info] Iteration:27, valid_1 auc : 0.592959
[LightGBM] [Info] 118.979700 seconds elapsed, finished iteration 27
[LightGBM] [Info] Trained a tree with leaves=127 and max_depth=15
[LightGBM] [Info] Iteration:28, valid_1 auc : 0.592952
[LightGBM] [Info] 122.216025 seconds elapsed, finished iteration 28
[LightGBM] [Info] Trained a tree with leaves=127 and max_depth=17
[LightGBM] [Info] Iteration:29, valid_1 auc : 0.592996
[LightGBM] [Info] 125.663029 seconds elapsed, finished iteration 29
[LightGBM] [Info] Trained a tree with leaves=127 and max_depth=19
[LightGBM] [Info] Iteration:30, valid_1 auc : 0.592991
[LightGBM] [Info] 128.833321 seconds elapsed, finished iteration 30
[LightGBM] [Info] Trained a tree with leaves=127 and max_depth=16
[LightGBM] [Info] Iteration:31, valid_1 auc : 0.592886
[LightGBM] [Info] 132.143722 seconds elapsed, finished iteration 31
[LightGBM] [Info] Trained a tree with leaves=127 and max_depth=15
[LightGBM] [Info] Iteration:32, valid_1 auc : 0.592961
[LightGBM] [Info] 135.591315 seconds elapsed, finished iteration 32
[LightGBM] [Info] Trained a tree with leaves=127 and max_depth=18
[LightGBM] [Info] Iteration:33, valid_1 auc : 0.592941
[LightGBM] [Info] 1037.152941 seconds elapsed, finished iteration 33
[LightGBM] [Info] Trained a tree with leaves=127 and max_depth=16
[LightGBM] [Info] Iteration:34, valid_1 auc : 0.592949
[LightGBM] [Info] 1040.504134 seconds elapsed, finished iteration 34
[LightGBM] [Info] Trained a tree with leaves=127 and max_depth=14
[LightGBM] [Info] Iteration:35, valid_1 auc : 0.592971
[LightGBM] [Info] 1044.184096 seconds elapsed, finished iteration 35
[LightGBM] [Info] Trained a tree with leaves=127 and max_depth=17
[LightGBM] [Info] Iteration:36, valid_1 auc : 0.592927
[LightGBM] [Info] 1047.791426 seconds elapsed, finished iteration 36
[LightGBM] [Info] Trained a tree with leaves=127 and max_depth=16
[LightGBM] [Info] Iteration:37, valid_1 auc : 0.592984
[LightGBM] [Info] 1051.359087 seconds elapsed, finished iteration 37
[LightGBM] [Info] Trained a tree with leaves=127 and max_depth=17
[LightGBM] [Info] Iteration:38, valid_1 auc : 0.593001
[LightGBM] [Info] 1054.777776 seconds elapsed, finished iteration 38
[LightGBM] [Info] Trained a tree with leaves=127 and max_depth=16
[LightGBM] [Info] Iteration:39, valid_1 auc : 0.593028
[LightGBM] [Info] 1058.207991 seconds elapsed, finished iteration 39
[LightGBM] [Info] Trained a tree with leaves=127 and max_depth=17
[LightGBM] [Info] Iteration:40, valid_1 auc : 0.593111
[LightGBM] [Info] 1061.709867 seconds elapsed, finished iteration 40
[LightGBM] [Info] Trained a tree with leaves=127 and max_depth=16
[LightGBM] [Info] Iteration:41, valid_1 auc : 0.593066
[LightGBM] [Info] 1065.186909 seconds elapsed, finished iteration 41
[LightGBM] [Info] Trained a tree with leaves=127 and max_depth=16
[LightGBM] [Info] Iteration:42, valid_1 auc : 0.593146
[LightGBM] [Info] 1068.643098 seconds elapsed, finished iteration 42
[LightGBM] [Info] Trained a tree with leaves=127 and max_depth=17
[LightGBM] [Info] Iteration:43, valid_1 auc : 0.593125
[LightGBM] [Info] 1072.158560 seconds elapsed, finished iteration 43
[LightGBM] [Info] Trained a tree with leaves=127 and max_depth=18
[LightGBM] [Info] Iteration:44, valid_1 auc : 0.593207
[LightGBM] [Info] 1075.408508 seconds elapsed, finished iteration 44
[LightGBM] [Info] Trained a tree with leaves=127 and max_depth=16
[LightGBM] [Info] Iteration:45, valid_1 auc : 0.593191
[LightGBM] [Info] 1078.875730 seconds elapsed, finished iteration 45
[LightGBM] [Info] Trained a tree with leaves=127 and max_depth=16
[LightGBM] [Info] Iteration:46, valid_1 auc : 0.593198
[LightGBM] [Info] 1082.374097 seconds elapsed, finished iteration 46
[LightGBM] [Info] Trained a tree with leaves=127 and max_depth=19
[LightGBM] [Info] Iteration:47, valid_1 auc : 0.593232
[LightGBM] [Info] 1085.735747 seconds elapsed, finished iteration 47
[LightGBM] [Info] Trained a tree with leaves=127 and max_depth=19
[LightGBM] [Info] Iteration:48, valid_1 auc : 0.593168
[LightGBM] [Info] 1089.245161 seconds elapsed, finished iteration 48
[LightGBM] [Info] Trained a tree with leaves=127 and max_depth=16
[LightGBM] [Info] Iteration:49, valid_1 auc : 0.593239
[LightGBM] [Info] 1092.527274 seconds elapsed, finished iteration 49
[LightGBM] [Info] Trained a tree with leaves=127 and max_depth=14
[LightGBM] [Info] Iteration:50, valid_1 auc : 0.593182
[LightGBM] [Info] 1096.006642 seconds elapsed, finished iteration 50
[LightGBM] [Info] Trained a tree with leaves=127 and max_depth=15
[LightGBM] [Info] Iteration:51, valid_1 auc : 0.59317
[LightGBM] [Info] 1099.538434 seconds elapsed, finished iteration 51
[LightGBM] [Info] Trained a tree with leaves=127 and max_depth=17
[LightGBM] [Info] Iteration:52, valid_1 auc : 0.593315
[LightGBM] [Info] 1102.912262 seconds elapsed, finished iteration 52
[LightGBM] [Info] Trained a tree with leaves=127 and max_depth=16
[LightGBM] [Info] Iteration:53, valid_1 auc : 0.593295
[LightGBM] [Info] 1106.181030 seconds elapsed, finished iteration 53
[LightGBM] [Info] Trained a tree with leaves=127 and max_depth=17
[LightGBM] [Info] Iteration:54, valid_1 auc : 0.59327
[LightGBM] [Info] 1109.635357 seconds elapsed, finished iteration 54
[LightGBM] [Info] Trained a tree with leaves=127 and max_depth=15
[LightGBM] [Info] Iteration:55, valid_1 auc : 0.593258
[LightGBM] [Info] 1113.025405 seconds elapsed, finished iteration 55
[LightGBM] [Info] Trained a tree with leaves=127 and max_depth=15
[LightGBM] [Info] Iteration:56, valid_1 auc : 0.593311
[LightGBM] [Info] 1116.281043 seconds elapsed, finished iteration 56
[LightGBM] [Info] Trained a tree with leaves=127 and max_depth=17
[LightGBM] [Info] Iteration:57, valid_1 auc : 0.593249
[LightGBM] [Info] 1119.642628 seconds elapsed, finished iteration 57
[LightGBM] [Info] Trained a tree with leaves=127 and max_depth=16
[LightGBM] [Info] Iteration:58, valid_1 auc : 0.593235
[LightGBM] [Info] 1122.959892 seconds elapsed, finished iteration 58
[LightGBM] [Info] Trained a tree with leaves=127 and max_depth=14
[LightGBM] [Info] Iteration:59, valid_1 auc : 0.593349
[LightGBM] [Info] 1126.375668 seconds elapsed, finished iteration 59
[LightGBM] [Info] Trained a tree with leaves=127 and max_depth=17
[LightGBM] [Info] Iteration:60, valid_1 auc : 0.59329
[LightGBM] [Info] 1129.806094 seconds elapsed, finished iteration 60
[LightGBM] [Info] Trained a tree with leaves=127 and max_depth=14
[LightGBM] [Info] Iteration:61, valid_1 auc : 0.593275
[LightGBM] [Info] 1133.127156 seconds elapsed, finished iteration 61
[LightGBM] [Info] Trained a tree with leaves=127 and max_depth=19
[LightGBM] [Info] Iteration:62, valid_1 auc : 0.593381
[LightGBM] [Info] 1136.554240 seconds elapsed, finished iteration 62
[LightGBM] [Info] Trained a tree with leaves=127 and max_depth=16
[LightGBM] [Info] Iteration:63, valid_1 auc : 0.59338
[LightGBM] [Info] 1140.185267 seconds elapsed, finished iteration 63
[LightGBM] [Info] Trained a tree with leaves=127 and max_depth=16
[LightGBM] [Info] Iteration:64, valid_1 auc : 0.593335
[LightGBM] [Info] 1144.021772 seconds elapsed, finished iteration 64
[LightGBM] [Info] Trained a tree with leaves=127 and max_depth=19
[LightGBM] [Info] Iteration:65, valid_1 auc : 0.593346
[LightGBM] [Info] 1147.459278 seconds elapsed, finished iteration 65
[LightGBM] [Info] Trained a tree with leaves=127 and max_depth=15
[LightGBM] [Info] Iteration:66, valid_1 auc : 0.593378
[LightGBM] [Info] 1151.156528 seconds elapsed, finished iteration 66
[LightGBM] [Info] Trained a tree with leaves=127 and max_depth=16
[LightGBM] [Info] Iteration:67, valid_1 auc : 0.593351
[LightGBM] [Info] 1154.683687 seconds elapsed, finished iteration 67
[LightGBM] [Info] Trained a tree with leaves=127 and max_depth=16
[LightGBM] [Info] Iteration:68, valid_1 auc : 0.59336
[LightGBM] [Info] 1158.039300 seconds elapsed, finished iteration 68
[LightGBM] [Info] Trained a tree with leaves=127 and max_depth=14
[LightGBM] [Info] Iteration:69, valid_1 auc : 0.593375
[LightGBM] [Info] 1161.550074 seconds elapsed, finished iteration 69
[LightGBM] [Info] Trained a tree with leaves=127 and max_depth=19
[LightGBM] [Info] Iteration:70, valid_1 auc : 0.593352
[LightGBM] [Info] 1164.899811 seconds elapsed, finished iteration 70
[LightGBM] [Info] Trained a tree with leaves=127 and max_depth=18
[LightGBM] [Info] Iteration:71, valid_1 auc : 0.593412
[LightGBM] [Info] 1168.323391 seconds elapsed, finished iteration 71
[LightGBM] [Info] Trained a tree with leaves=127 and max_depth=16
[LightGBM] [Info] Iteration:72, valid_1 auc : 0.593399
[LightGBM] [Info] 1171.768042 seconds elapsed, finished iteration 72
[LightGBM] [Info] Trained a tree with leaves=127 and max_depth=16
[LightGBM] [Info] Iteration:73, valid_1 auc : 0.593368
[LightGBM] [Info] 1175.136505 seconds elapsed, finished iteration 73
[LightGBM] [Info] Trained a tree with leaves=127 and max_depth=15
[LightGBM] [Info] Iteration:74, valid_1 auc : 0.593411
[LightGBM] [Info] 1178.615898 seconds elapsed, finished iteration 74
[LightGBM] [Info] Trained a tree with leaves=127 and max_depth=14
[LightGBM] [Info] Iteration:75, valid_1 auc : 0.593391
[LightGBM] [Info] 1181.902520 seconds elapsed, finished iteration 75
[LightGBM] [Info] Trained a tree with leaves=127 and max_depth=16
[LightGBM] [Info] Iteration:76, valid_1 auc : 0.59338
[LightGBM] [Info] 1185.303510 seconds elapsed, finished iteration 76
[LightGBM] [Info] Trained a tree with leaves=127 and max_depth=17
[LightGBM] [Info] Iteration:77, valid_1 auc : 0.593437
[LightGBM] [Info] 1188.664305 seconds elapsed, finished iteration 77
[LightGBM] [Info] Trained a tree with leaves=127 and max_depth=16
[LightGBM] [Info] Iteration:78, valid_1 auc : 0.593375
[LightGBM] [Info] 1192.049349 seconds elapsed, finished iteration 78
[LightGBM] [Info] Trained a tree with leaves=127 and max_depth=16
[LightGBM] [Info] Iteration:79, valid_1 auc : 0.593421
[LightGBM] [Info] 1195.422147 seconds elapsed, finished iteration 79
[LightGBM] [Info] Trained a tree with leaves=127 and max_depth=16
[LightGBM] [Info] Iteration:80, valid_1 auc : 0.593367
[LightGBM] [Info] 1198.797183 seconds elapsed, finished iteration 80
[LightGBM] [Info] Trained a tree with leaves=127 and max_depth=14
[LightGBM] [Info] Iteration:81, valid_1 auc : 0.593347
[LightGBM] [Info] 1202.220268 seconds elapsed, finished iteration 81
[LightGBM] [Info] Trained a tree with leaves=127 and max_depth=14
[LightGBM] [Info] Iteration:82, valid_1 auc : 0.593327
[LightGBM] [Info] 1205.656372 seconds elapsed, finished iteration 82
[LightGBM] [Info] Trained a tree with leaves=127 and max_depth=18
[LightGBM] [Info] Iteration:83, valid_1 auc : 0.593358
[LightGBM] [Info] 1209.030279 seconds elapsed, finished iteration 83
[LightGBM] [Info] Trained a tree with leaves=127 and max_depth=17
[LightGBM] [Info] Iteration:84, valid_1 auc : 0.593359
[LightGBM] [Info] 1212.382864 seconds elapsed, finished iteration 84
[LightGBM] [Info] Trained a tree with leaves=127 and max_depth=14
[LightGBM] [Info] Iteration:85, valid_1 auc : 0.593323
[LightGBM] [Info] 1215.761596 seconds elapsed, finished iteration 85
[LightGBM] [Info] Trained a tree with leaves=127 and max_depth=15
[LightGBM] [Info] Iteration:86, valid_1 auc : 0.593313
[LightGBM] [Info] 1219.115722 seconds elapsed, finished iteration 86
[LightGBM] [Info] Trained a tree with leaves=127 and max_depth=16
[LightGBM] [Info] Iteration:87, valid_1 auc : 0.59342
[LightGBM] [Info] 1222.489265 seconds elapsed, finished iteration 87
[LightGBM] [Info] Trained a tree with leaves=127 and max_depth=15
[LightGBM] [Info] Iteration:88, valid_1 auc : 0.593355
[LightGBM] [Info] 1225.890034 seconds elapsed, finished iteration 88
[LightGBM] [Info] Trained a tree with leaves=127 and max_depth=18
[LightGBM] [Info] Iteration:89, valid_1 auc : 0.59329
[LightGBM] [Info] 1229.293604 seconds elapsed, finished iteration 89
[LightGBM] [Info] Trained a tree with leaves=127 and max_depth=16
[LightGBM] [Info] Iteration:90, valid_1 auc : 0.593306
[LightGBM] [Info] 1232.838621 seconds elapsed, finished iteration 90
[LightGBM] [Info] Trained a tree with leaves=127 and max_depth=15
[LightGBM] [Info] Iteration:91, valid_1 auc : 0.5933
[LightGBM] [Info] 1236.221059 seconds elapsed, finished iteration 91
[LightGBM] [Info] Trained a tree with leaves=127 and max_depth=16
[LightGBM] [Info] Iteration:92, valid_1 auc : 0.593256
[LightGBM] [Info] 1239.681376 seconds elapsed, finished iteration 92
[LightGBM] [Info] Trained a tree with leaves=127 and max_depth=13
[LightGBM] [Info] Iteration:93, valid_1 auc : 0.593203
[LightGBM] [Info] 1243.116173 seconds elapsed, finished iteration 93
[LightGBM] [Info] Trained a tree with leaves=127 and max_depth=18
[LightGBM] [Info] Iteration:94, valid_1 auc : 0.593199
[LightGBM] [Info] 1246.570463 seconds elapsed, finished iteration 94
[LightGBM] [Info] Trained a tree with leaves=127 and max_depth=18
[LightGBM] [Info] Iteration:95, valid_1 auc : 0.593257
[LightGBM] [Info] 1250.012904 seconds elapsed, finished iteration 95
[LightGBM] [Info] Trained a tree with leaves=127 and max_depth=15
[LightGBM] [Info] Iteration:96, valid_1 auc : 0.593282
[LightGBM] [Info] 1253.454759 seconds elapsed, finished iteration 96
[LightGBM] [Info] Trained a tree with leaves=127 and max_depth=15
[LightGBM] [Info] Iteration:97, valid_1 auc : 0.593298
[LightGBM] [Info] 1256.950469 seconds elapsed, finished iteration 97
[LightGBM] [Info] Trained a tree with leaves=127 and max_depth=18
[LightGBM] [Info] Iteration:98, valid_1 auc : 0.593263
[LightGBM] [Info] 1260.374038 seconds elapsed, finished iteration 98
[LightGBM] [Info] Trained a tree with leaves=127 and max_depth=16
[LightGBM] [Info] Iteration:99, valid_1 auc : 0.593218
[LightGBM] [Info] 1263.897827 seconds elapsed, finished iteration 99
[LightGBM] [Info] Trained a tree with leaves=127 and max_depth=15
[LightGBM] [Info] Iteration:100, valid_1 auc : 0.593138
[LightGBM] [Info] 1267.428969 seconds elapsed, finished iteration 100
[LightGBM] [Info] Finished training
