[LightGBM] [Info] Finished loading parameters
[LightGBM] [Info] Finished loading data in 24.738792 seconds
[LightGBM] [Info] Total Bins 9393
[LightGBM] [Info] Number of data: 12184290, number of used features: 3450
[LightGBM] [Info] Finished initializing training
[LightGBM] [Info] Started training...
[LightGBM] [Info] Trained a tree with leaves=127 and max_depth=33
[LightGBM] [Info] Iteration:1, valid_1 rmse : 41.6634
[LightGBM] [Info] 3.004305 seconds elapsed, finished iteration 1
[LightGBM] [Info] Trained a tree with leaves=127 and max_depth=36
[LightGBM] [Info] Iteration:2, valid_1 rmse : 41.6634
[LightGBM] [Info] 5.713449 seconds elapsed, finished iteration 2
[LightGBM] [Info] Trained a tree with leaves=127 and max_depth=52
[LightGBM] [Info] Iteration:3, valid_1 rmse : 41.6636
[LightGBM] [Info] 9.604647 seconds elapsed, finished iteration 3
[LightGBM] [Info] Trained a tree with leaves=127 and max_depth=37
[LightGBM] [Info] Iteration:4, valid_1 rmse : 41.6634
[LightGBM] [Info] 12.551261 seconds elapsed, finished iteration 4
[LightGBM] [Info] Trained a tree with leaves=127 and max_depth=30
[LightGBM] [Info] Iteration:5, valid_1 rmse : 41.6634
[LightGBM] [Info] 15.872931 seconds elapsed, finished iteration 5
[LightGBM] [Info] Trained a tree with leaves=127 and max_depth=39
[LightGBM] [Info] Iteration:6, valid_1 rmse : 41.6636
[LightGBM] [Info] 19.027785 seconds elapsed, finished iteration 6
[LightGBM] [Info] Trained a tree with leaves=127 and max_depth=50
[LightGBM] [Info] Iteration:7, valid_1 rmse : 41.6638
[LightGBM] [Info] 24.168357 seconds elapsed, finished iteration 7
[LightGBM] [Info] Trained a tree with leaves=127 and max_depth=32
[LightGBM] [Info] Iteration:8, valid_1 rmse : 41.6639
[LightGBM] [Info] 27.424896 seconds elapsed, finished iteration 8
[LightGBM] [Info] Trained a tree with leaves=127 and max_depth=45
[LightGBM] [Info] Iteration:9, valid_1 rmse : 41.664
[LightGBM] [Info] 31.771109 seconds elapsed, finished iteration 9
[LightGBM] [Info] Trained a tree with leaves=127 and max_depth=51
[LightGBM] [Info] Iteration:10, valid_1 rmse : 41.6641
[LightGBM] [Info] 36.406500 seconds elapsed, finished iteration 10
[LightGBM] [Info] Trained a tree with leaves=127 and max_depth=42
[LightGBM] [Info] Iteration:11, valid_1 rmse : 41.6643
[LightGBM] [Info] 39.447133 seconds elapsed, finished iteration 11
[LightGBM] [Info] Trained a tree with leaves=127 and max_depth=40
[LightGBM] [Info] Iteration:12, valid_1 rmse : 41.6645
[LightGBM] [Info] 44.100586 seconds elapsed, finished iteration 12
[LightGBM] [Info] Trained a tree with leaves=127 and max_depth=30
[LightGBM] [Info] Iteration:13, valid_1 rmse : 41.6648
[LightGBM] [Info] 46.834153 seconds elapsed, finished iteration 13
[LightGBM] [Info] Trained a tree with leaves=127 and max_depth=57
[LightGBM] [Info] Iteration:14, valid_1 rmse : 41.665
[LightGBM] [Info] 51.305840 seconds elapsed, finished iteration 14
[LightGBM] [Info] Trained a tree with leaves=127 and max_depth=39
[LightGBM] [Info] Iteration:15, valid_1 rmse : 41.6651
[LightGBM] [Info] 55.467729 seconds elapsed, finished iteration 15
[LightGBM] [Info] Trained a tree with leaves=127 and max_depth=36
[LightGBM] [Info] Iteration:16, valid_1 rmse : 41.6656
[LightGBM] [Info] 58.334622 seconds elapsed, finished iteration 16
[LightGBM] [Info] Trained a tree with leaves=127 and max_depth=43
[LightGBM] [Info] Iteration:17, valid_1 rmse : 41.6657
[LightGBM] [Info] 62.777370 seconds elapsed, finished iteration 17
[LightGBM] [Info] Trained a tree with leaves=127 and max_depth=37
[LightGBM] [Info] Iteration:18, valid_1 rmse : 41.6658
[LightGBM] [Info] 66.062123 seconds elapsed, finished iteration 18
[LightGBM] [Info] Trained a tree with leaves=127 and max_depth=46
[LightGBM] [Info] Iteration:19, valid_1 rmse : 41.6663
[LightGBM] [Info] 70.817493 seconds elapsed, finished iteration 19
[LightGBM] [Info] Trained a tree with leaves=127 and max_depth=28
[LightGBM] [Info] Iteration:20, valid_1 rmse : 41.6664
[LightGBM] [Info] 73.681668 seconds elapsed, finished iteration 20
[LightGBM] [Info] Trained a tree with leaves=127 and max_depth=29
[LightGBM] [Info] Iteration:21, valid_1 rmse : 41.6665
[LightGBM] [Info] 76.537652 seconds elapsed, finished iteration 21
[LightGBM] [Info] Trained a tree with leaves=127 and max_depth=49
[LightGBM] [Info] Iteration:22, valid_1 rmse : 41.667
[LightGBM] [Info] 80.547106 seconds elapsed, finished iteration 22
[LightGBM] [Info] Trained a tree with leaves=127 and max_depth=32
[LightGBM] [Info] Iteration:23, valid_1 rmse : 41.6671
[LightGBM] [Info] 84.393875 seconds elapsed, finished iteration 23
[LightGBM] [Info] Trained a tree with leaves=127 and max_depth=36
[LightGBM] [Info] Iteration:24, valid_1 rmse : 41.6673
[LightGBM] [Info] 88.046939 seconds elapsed, finished iteration 24
[LightGBM] [Info] Trained a tree with leaves=127 and max_depth=29
[LightGBM] [Info] Iteration:25, valid_1 rmse : 41.6686
[LightGBM] [Info] 91.709543 seconds elapsed, finished iteration 25
[LightGBM] [Info] Trained a tree with leaves=127 and max_depth=36
[LightGBM] [Info] Iteration:26, valid_1 rmse : 41.6686
[LightGBM] [Info] 95.324101 seconds elapsed, finished iteration 26
[LightGBM] [Info] Trained a tree with leaves=127 and max_depth=46
[LightGBM] [Info] Iteration:27, valid_1 rmse : 41.6688
[LightGBM] [Info] 99.425609 seconds elapsed, finished iteration 27
[LightGBM] [Info] Trained a tree with leaves=127 and max_depth=40
[LightGBM] [Info] Iteration:28, valid_1 rmse : 41.6688
[LightGBM] [Info] 103.490760 seconds elapsed, finished iteration 28
[LightGBM] [Info] Trained a tree with leaves=127 and max_depth=37
[LightGBM] [Info] Iteration:29, valid_1 rmse : 41.6691
[LightGBM] [Info] 106.699558 seconds elapsed, finished iteration 29
[LightGBM] [Info] Trained a tree with leaves=127 and max_depth=33
[LightGBM] [Info] Iteration:30, valid_1 rmse : 41.6691
[LightGBM] [Info] 109.649217 seconds elapsed, finished iteration 30
[LightGBM] [Info] Trained a tree with leaves=127 and max_depth=35
[LightGBM] [Info] Iteration:31, valid_1 rmse : 41.6698
[LightGBM] [Info] 112.689256 seconds elapsed, finished iteration 31
[LightGBM] [Info] Trained a tree with leaves=127 and max_depth=34
[LightGBM] [Info] Iteration:32, valid_1 rmse : 41.6699
[LightGBM] [Info] 116.638405 seconds elapsed, finished iteration 32
[LightGBM] [Info] Trained a tree with leaves=127 and max_depth=36
[LightGBM] [Info] Iteration:33, valid_1 rmse : 41.6699
[LightGBM] [Info] 120.180149 seconds elapsed, finished iteration 33
[LightGBM] [Info] Trained a tree with leaves=127 and max_depth=41
[LightGBM] [Info] Iteration:34, valid_1 rmse : 41.6702
[LightGBM] [Info] 124.359277 seconds elapsed, finished iteration 34
[LightGBM] [Info] Trained a tree with leaves=127 and max_depth=34
[LightGBM] [Info] Iteration:35, valid_1 rmse : 41.6706
[LightGBM] [Info] 128.046172 seconds elapsed, finished iteration 35
[LightGBM] [Info] Trained a tree with leaves=127 and max_depth=32
[LightGBM] [Info] Iteration:36, valid_1 rmse : 41.6707
[LightGBM] [Info] 131.187207 seconds elapsed, finished iteration 36
[LightGBM] [Info] Trained a tree with leaves=127 and max_depth=33
[LightGBM] [Info] Iteration:37, valid_1 rmse : 41.6709
[LightGBM] [Info] 135.099677 seconds elapsed, finished iteration 37
[LightGBM] [Info] Trained a tree with leaves=127 and max_depth=34
[LightGBM] [Info] Iteration:38, valid_1 rmse : 41.6711
[LightGBM] [Info] 139.249879 seconds elapsed, finished iteration 38
[LightGBM] [Info] Trained a tree with leaves=127 and max_depth=35
[LightGBM] [Info] Iteration:39, valid_1 rmse : 41.6712
[LightGBM] [Info] 142.902186 seconds elapsed, finished iteration 39
[LightGBM] [Info] Trained a tree with leaves=127 and max_depth=39
[LightGBM] [Info] Iteration:40, valid_1 rmse : 41.6717
[LightGBM] [Info] 146.458072 seconds elapsed, finished iteration 40
[LightGBM] [Info] Trained a tree with leaves=127 and max_depth=33
[LightGBM] [Info] Iteration:41, valid_1 rmse : 41.6719
[LightGBM] [Info] 149.980061 seconds elapsed, finished iteration 41
[LightGBM] [Info] Trained a tree with leaves=127 and max_depth=36
[LightGBM] [Info] Iteration:42, valid_1 rmse : 41.6721
[LightGBM] [Info] 153.320071 seconds elapsed, finished iteration 42
[LightGBM] [Info] Trained a tree with leaves=127 and max_depth=38
[LightGBM] [Info] Iteration:43, valid_1 rmse : 41.6738
[LightGBM] [Info] 156.515359 seconds elapsed, finished iteration 43
[LightGBM] [Info] Trained a tree with leaves=127 and max_depth=43
[LightGBM] [Info] Iteration:44, valid_1 rmse : 41.6741
[LightGBM] [Info] 161.112711 seconds elapsed, finished iteration 44
[LightGBM] [Info] Trained a tree with leaves=127 and max_depth=45
[LightGBM] [Info] Iteration:45, valid_1 rmse : 41.6743
[LightGBM] [Info] 165.825410 seconds elapsed, finished iteration 45
[LightGBM] [Info] Trained a tree with leaves=127 and max_depth=47
[LightGBM] [Info] Iteration:46, valid_1 rmse : 41.6754
[LightGBM] [Info] 170.754482 seconds elapsed, finished iteration 46
[LightGBM] [Info] Trained a tree with leaves=127 and max_depth=25
[LightGBM] [Info] Iteration:47, valid_1 rmse : 41.6755
[LightGBM] [Info] 173.319236 seconds elapsed, finished iteration 47
[LightGBM] [Info] Trained a tree with leaves=127 and max_depth=47
[LightGBM] [Info] Iteration:48, valid_1 rmse : 41.6755
[LightGBM] [Info] 178.074527 seconds elapsed, finished iteration 48
[LightGBM] [Info] Trained a tree with leaves=127 and max_depth=32
[LightGBM] [Info] Iteration:49, valid_1 rmse : 41.6755
[LightGBM] [Info] 181.498158 seconds elapsed, finished iteration 49
[LightGBM] [Info] Trained a tree with leaves=127 and max_depth=45
[LightGBM] [Info] Iteration:50, valid_1 rmse : 41.6758
[LightGBM] [Info] 185.419529 seconds elapsed, finished iteration 50
[LightGBM] [Info] Trained a tree with leaves=127 and max_depth=46
[LightGBM] [Info] Iteration:51, valid_1 rmse : 41.6761
[LightGBM] [Info] 190.640603 seconds elapsed, finished iteration 51
[LightGBM] [Info] Trained a tree with leaves=127 and max_depth=37
[LightGBM] [Info] Iteration:52, valid_1 rmse : 41.6764
[LightGBM] [Info] 194.521738 seconds elapsed, finished iteration 52
[LightGBM] [Info] Trained a tree with leaves=127 and max_depth=34
[LightGBM] [Info] Iteration:53, valid_1 rmse : 41.6765
[LightGBM] [Info] 197.839889 seconds elapsed, finished iteration 53
[LightGBM] [Info] Trained a tree with leaves=127 and max_depth=38
[LightGBM] [Info] Iteration:54, valid_1 rmse : 41.6766
[LightGBM] [Info] 201.932079 seconds elapsed, finished iteration 54
[LightGBM] [Info] Trained a tree with leaves=127 and max_depth=34
[LightGBM] [Info] Iteration:55, valid_1 rmse : 41.6777
[LightGBM] [Info] 205.163707 seconds elapsed, finished iteration 55
[LightGBM] [Info] Trained a tree with leaves=127 and max_depth=43
[LightGBM] [Info] Iteration:56, valid_1 rmse : 41.678
[LightGBM] [Info] 209.017118 seconds elapsed, finished iteration 56
[LightGBM] [Info] Trained a tree with leaves=127 and max_depth=40
[LightGBM] [Info] Iteration:57, valid_1 rmse : 41.6781
[LightGBM] [Info] 212.984826 seconds elapsed, finished iteration 57
[LightGBM] [Info] Trained a tree with leaves=127 and max_depth=51
[LightGBM] [Info] Iteration:58, valid_1 rmse : 41.6796
[LightGBM] [Info] 217.527336 seconds elapsed, finished iteration 58
[LightGBM] [Info] Trained a tree with leaves=127 and max_depth=37
[LightGBM] [Info] Iteration:59, valid_1 rmse : 41.6798
[LightGBM] [Info] 221.809013 seconds elapsed, finished iteration 59
[LightGBM] [Info] Trained a tree with leaves=127 and max_depth=47
[LightGBM] [Info] Iteration:60, valid_1 rmse : 41.68
[LightGBM] [Info] 227.052816 seconds elapsed, finished iteration 60
[LightGBM] [Info] Trained a tree with leaves=127 and max_depth=31
[LightGBM] [Info] Iteration:61, valid_1 rmse : 41.6819
[LightGBM] [Info] 230.147308 seconds elapsed, finished iteration 61
[LightGBM] [Info] Trained a tree with leaves=127 and max_depth=31
[LightGBM] [Info] Iteration:62, valid_1 rmse : 41.6829
[LightGBM] [Info] 241.601914 seconds elapsed, finished iteration 62
[LightGBM] [Info] Trained a tree with leaves=127 and max_depth=33
[LightGBM] [Info] Iteration:63, valid_1 rmse : 41.6835
[LightGBM] [Info] 245.085006 seconds elapsed, finished iteration 63
[LightGBM] [Info] Trained a tree with leaves=127 and max_depth=38
[LightGBM] [Info] Iteration:64, valid_1 rmse : 41.6838
[LightGBM] [Info] 249.140811 seconds elapsed, finished iteration 64
[LightGBM] [Info] Trained a tree with leaves=127 and max_depth=45
[LightGBM] [Info] Iteration:65, valid_1 rmse : 41.6839
[LightGBM] [Info] 253.028591 seconds elapsed, finished iteration 65
[LightGBM] [Info] Trained a tree with leaves=127 and max_depth=42
[LightGBM] [Info] Iteration:66, valid_1 rmse : 41.684
[LightGBM] [Info] 257.026041 seconds elapsed, finished iteration 66
[LightGBM] [Info] Trained a tree with leaves=127 and max_depth=45
[LightGBM] [Info] Iteration:67, valid_1 rmse : 41.6843
[LightGBM] [Info] 261.839976 seconds elapsed, finished iteration 67
[LightGBM] [Info] Trained a tree with leaves=127 and max_depth=37
[LightGBM] [Info] Iteration:68, valid_1 rmse : 41.6849
[LightGBM] [Info] 265.159354 seconds elapsed, finished iteration 68
[LightGBM] [Info] Trained a tree with leaves=127 and max_depth=26
[LightGBM] [Info] Iteration:69, valid_1 rmse : 41.6852
[LightGBM] [Info] 267.897500 seconds elapsed, finished iteration 69
[LightGBM] [Info] Trained a tree with leaves=127 and max_depth=42
[LightGBM] [Info] Iteration:70, valid_1 rmse : 41.6854
[LightGBM] [Info] 272.061126 seconds elapsed, finished iteration 70
[LightGBM] [Info] Trained a tree with leaves=127 and max_depth=37
[LightGBM] [Info] Iteration:71, valid_1 rmse : 41.6855
[LightGBM] [Info] 275.857827 seconds elapsed, finished iteration 71
[LightGBM] [Info] Trained a tree with leaves=127 and max_depth=30
[LightGBM] [Info] Iteration:72, valid_1 rmse : 41.6855
[LightGBM] [Info] 278.770645 seconds elapsed, finished iteration 72
[LightGBM] [Info] Trained a tree with leaves=127 and max_depth=41
[LightGBM] [Info] Iteration:73, valid_1 rmse : 41.686
[LightGBM] [Info] 282.879721 seconds elapsed, finished iteration 73
[LightGBM] [Info] Trained a tree with leaves=127 and max_depth=41
[LightGBM] [Info] Iteration:74, valid_1 rmse : 41.686
[LightGBM] [Info] 287.048371 seconds elapsed, finished iteration 74
[LightGBM] [Info] Trained a tree with leaves=127 and max_depth=27
[LightGBM] [Info] Iteration:75, valid_1 rmse : 41.6861
[LightGBM] [Info] 341.005484 seconds elapsed, finished iteration 75
[LightGBM] [Info] Trained a tree with leaves=127 and max_depth=41
[LightGBM] [Info] Iteration:76, valid_1 rmse : 41.6863
[LightGBM] [Info] 344.891774 seconds elapsed, finished iteration 76
[LightGBM] [Info] Trained a tree with leaves=127 and max_depth=41
[LightGBM] [Info] Iteration:77, valid_1 rmse : 41.6871
[LightGBM] [Info] 349.006719 seconds elapsed, finished iteration 77
[LightGBM] [Info] Trained a tree with leaves=127 and max_depth=36
[LightGBM] [Info] Iteration:78, valid_1 rmse : 41.6871
[LightGBM] [Info] 351.966963 seconds elapsed, finished iteration 78
[LightGBM] [Info] Trained a tree with leaves=127 and max_depth=38
[LightGBM] [Info] Iteration:79, valid_1 rmse : 41.6875
[LightGBM] [Info] 355.959331 seconds elapsed, finished iteration 79
[LightGBM] [Info] Trained a tree with leaves=127 and max_depth=39
[LightGBM] [Info] Iteration:80, valid_1 rmse : 41.6877
[LightGBM] [Info] 359.843839 seconds elapsed, finished iteration 80
[LightGBM] [Info] Trained a tree with leaves=127 and max_depth=47
[LightGBM] [Info] Iteration:81, valid_1 rmse : 41.6878
[LightGBM] [Info] 363.836657 seconds elapsed, finished iteration 81
[LightGBM] [Info] Trained a tree with leaves=127 and max_depth=35
[LightGBM] [Info] Iteration:82, valid_1 rmse : 41.6883
[LightGBM] [Info] 367.346161 seconds elapsed, finished iteration 82
[LightGBM] [Info] Trained a tree with leaves=127 and max_depth=53
[LightGBM] [Info] Iteration:83, valid_1 rmse : 41.6886
[LightGBM] [Info] 372.423570 seconds elapsed, finished iteration 83
[LightGBM] [Info] Trained a tree with leaves=127 and max_depth=50
[LightGBM] [Info] Iteration:84, valid_1 rmse : 41.6888
[LightGBM] [Info] 377.660881 seconds elapsed, finished iteration 84
[LightGBM] [Info] Trained a tree with leaves=127 and max_depth=44
[LightGBM] [Info] Iteration:85, valid_1 rmse : 41.6891
[LightGBM] [Info] 382.031287 seconds elapsed, finished iteration 85
[LightGBM] [Info] Trained a tree with leaves=127 and max_depth=37
[LightGBM] [Info] Iteration:86, valid_1 rmse : 41.6896
[LightGBM] [Info] 385.625693 seconds elapsed, finished iteration 86
[LightGBM] [Info] Trained a tree with leaves=127 and max_depth=47
[LightGBM] [Info] Iteration:87, valid_1 rmse : 41.6892
[LightGBM] [Info] 882.264830 seconds elapsed, finished iteration 87
[LightGBM] [Info] Trained a tree with leaves=127 and max_depth=36
[LightGBM] [Info] Iteration:88, valid_1 rmse : 41.6896
[LightGBM] [Info] 885.113870 seconds elapsed, finished iteration 88
[LightGBM] [Info] Trained a tree with leaves=127 and max_depth=36
[LightGBM] [Info] Iteration:89, valid_1 rmse : 41.6897
[LightGBM] [Info] 889.027598 seconds elapsed, finished iteration 89
[LightGBM] [Info] Trained a tree with leaves=127 and max_depth=46
[LightGBM] [Info] Iteration:90, valid_1 rmse : 41.6898
[LightGBM] [Info] 893.924811 seconds elapsed, finished iteration 90
[LightGBM] [Info] Trained a tree with leaves=127 and max_depth=51
[LightGBM] [Info] Iteration:91, valid_1 rmse : 41.6901
[LightGBM] [Info] 899.444616 seconds elapsed, finished iteration 91
[LightGBM] [Info] Trained a tree with leaves=127 and max_depth=46
[LightGBM] [Info] Iteration:92, valid_1 rmse : 41.6904
[LightGBM] [Info] 902.825933 seconds elapsed, finished iteration 92
[LightGBM] [Info] Trained a tree with leaves=127 and max_depth=44
[LightGBM] [Info] Iteration:93, valid_1 rmse : 41.6908
[LightGBM] [Info] 906.852318 seconds elapsed, finished iteration 93
[LightGBM] [Info] Trained a tree with leaves=127 and max_depth=46
[LightGBM] [Info] Iteration:94, valid_1 rmse : 41.6906
[LightGBM] [Info] 911.277428 seconds elapsed, finished iteration 94
[LightGBM] [Info] Trained a tree with leaves=127 and max_depth=48
[LightGBM] [Info] Iteration:95, valid_1 rmse : 41.6909
[LightGBM] [Info] 916.406987 seconds elapsed, finished iteration 95
[LightGBM] [Info] Trained a tree with leaves=127 and max_depth=50
[LightGBM] [Info] Iteration:96, valid_1 rmse : 41.6909
[LightGBM] [Info] 921.290010 seconds elapsed, finished iteration 96
[LightGBM] [Info] Trained a tree with leaves=127 and max_depth=39
[LightGBM] [Info] Iteration:97, valid_1 rmse : 41.691
[LightGBM] [Info] 925.604770 seconds elapsed, finished iteration 97
[LightGBM] [Info] Trained a tree with leaves=127 and max_depth=48
[LightGBM] [Info] Iteration:98, valid_1 rmse : 41.6914
[LightGBM] [Info] 931.222379 seconds elapsed, finished iteration 98
[LightGBM] [Info] Trained a tree with leaves=127 and max_depth=47
[LightGBM] [Info] Iteration:99, valid_1 rmse : 41.6918
[LightGBM] [Info] 935.260316 seconds elapsed, finished iteration 99
[LightGBM] [Info] Trained a tree with leaves=127 and max_depth=40
[LightGBM] [Info] Iteration:100, valid_1 rmse : 41.6925
[LightGBM] [Info] 939.575617 seconds elapsed, finished iteration 100
[LightGBM] [Info] Finished training
