[XGBoost] training start
[0]	val-rmse:41.66338
[XGBoost] iteration 1 took 62.546419 seconds
[1]	val-rmse:41.66390
[XGBoost] iteration 2 took 49.391650 seconds
[2]	val-rmse:41.66465
[XGBoost] iteration 3 took 53.155029 seconds
[3]	val-rmse:41.66598
[XGBoost] iteration 4 took 57.600150 seconds
[4]	val-rmse:41.66746
[XGBoost] iteration 5 took 50.630645 seconds
[5]	val-rmse:41.66761
[XGBoost] iteration 6 took 49.075320 seconds
[6]	val-rmse:41.66955
[XGBoost] iteration 7 took 55.128406 seconds
[7]	val-rmse:41.67159
[XGBoost] iteration 8 took 51.433969 seconds
[8]	val-rmse:41.67196
[XGBoost] iteration 9 took 48.938342 seconds
[9]	val-rmse:41.67288
[XGBoost] iteration 10 took 49.157152 seconds
[10]	val-rmse:41.67323
[XGBoost] iteration 11 took 48.859685 seconds
[11]	val-rmse:41.67343
[XGBoost] iteration 12 took 49.602464 seconds
[12]	val-rmse:41.67607
[XGBoost] iteration 13 took 49.671461 seconds
[13]	val-rmse:41.67648
[XGBoost] iteration 14 took 49.331591 seconds
[14]	val-rmse:41.67674
[XGBoost] iteration 15 took 49.494212 seconds
[15]	val-rmse:41.67684
[XGBoost] iteration 16 took 48.829050 seconds
[16]	val-rmse:41.67707
[XGBoost] iteration 17 took 49.069498 seconds
[17]	val-rmse:41.67719
[XGBoost] iteration 18 took 49.609503 seconds
[18]	val-rmse:41.67728
[XGBoost] iteration 19 took 50.307490 seconds
[19]	val-rmse:41.67757
[XGBoost] iteration 20 took 54.101601 seconds
[20]	val-rmse:41.67767
[XGBoost] iteration 21 took 58.236317 seconds
[21]	val-rmse:41.67768
[XGBoost] iteration 22 took 56.796074 seconds
[22]	val-rmse:41.67796
[XGBoost] iteration 23 took 54.206006 seconds
[23]	val-rmse:41.67807
[XGBoost] iteration 24 took 51.649374 seconds
[24]	val-rmse:41.67897
[XGBoost] iteration 25 took 55.965673 seconds
[25]	val-rmse:41.67929
[XGBoost] iteration 26 took 52.480691 seconds
[26]	val-rmse:41.67942
[XGBoost] iteration 27 took 59.036719 seconds
[27]	val-rmse:41.67978
[XGBoost] iteration 28 took 51.368094 seconds
[28]	val-rmse:41.68138
[XGBoost] iteration 29 took 51.677203 seconds
[29]	val-rmse:41.68144
[XGBoost] iteration 30 took 59.334560 seconds
[30]	val-rmse:41.68178
[XGBoost] iteration 31 took 51.803935 seconds
[31]	val-rmse:41.68200
[XGBoost] iteration 32 took 51.904332 seconds
[32]	val-rmse:41.68238
[XGBoost] iteration 33 took 56.675766 seconds
[33]	val-rmse:41.68468
[XGBoost] iteration 34 took 51.569496 seconds
[34]	val-rmse:41.68473
[XGBoost] iteration 35 took 51.235140 seconds
[35]	val-rmse:41.68503
[XGBoost] iteration 36 took 52.833567 seconds
[36]	val-rmse:41.68511
[XGBoost] iteration 37 took 51.702118 seconds
[37]	val-rmse:41.68542
[XGBoost] iteration 38 took 56.462059 seconds
[38]	val-rmse:41.68548
[XGBoost] iteration 39 took 57.392153 seconds
[39]	val-rmse:41.68574
[XGBoost] iteration 40 took 51.825757 seconds
[40]	val-rmse:41.68596
[XGBoost] iteration 41 took 52.686399 seconds
[41]	val-rmse:41.68599
[XGBoost] iteration 42 took 51.609227 seconds
[42]	val-rmse:41.68678
[XGBoost] iteration 43 took 60.713640 seconds
[43]	val-rmse:41.68683
[XGBoost] iteration 44 took 58.152894 seconds
[44]	val-rmse:41.68688
[XGBoost] iteration 45 took 57.305843 seconds
[45]	val-rmse:41.68772
[XGBoost] iteration 46 took 55.810170 seconds
[46]	val-rmse:41.68794
[XGBoost] iteration 47 took 59.485188 seconds
[47]	val-rmse:41.69100
[XGBoost] iteration 48 took 59.231052 seconds
[48]	val-rmse:41.69107
[XGBoost] iteration 49 took 60.258221 seconds
[49]	val-rmse:41.69126
[XGBoost] iteration 50 took 59.096313 seconds
[50]	val-rmse:41.69254
[XGBoost] iteration 51 took 59.777641 seconds
[51]	val-rmse:41.69373
[XGBoost] iteration 52 took 59.216809 seconds
[52]	val-rmse:41.69401
[XGBoost] iteration 53 took 60.856544 seconds
[53]	val-rmse:41.69406
[XGBoost] iteration 54 took 58.634419 seconds
[54]	val-rmse:41.69413
[XGBoost] iteration 55 took 58.818649 seconds
[55]	val-rmse:41.69569
[XGBoost] iteration 56 took 52.249319 seconds
[56]	val-rmse:41.69589
[XGBoost] iteration 57 took 53.262907 seconds
[57]	val-rmse:41.69599
[XGBoost] iteration 58 took 58.803907 seconds
[58]	val-rmse:41.69608
[XGBoost] iteration 59 took 60.627336 seconds
[59]	val-rmse:41.69625
[XGBoost] iteration 60 took 56.899585 seconds
[60]	val-rmse:41.69659
[XGBoost] iteration 61 took 54.926186 seconds
[61]	val-rmse:41.69672
[XGBoost] iteration 62 took 57.530676 seconds
[62]	val-rmse:41.69684
[XGBoost] iteration 63 took 64.397881 seconds
[63]	val-rmse:41.69695
[XGBoost] iteration 64 took 61.245053 seconds
[64]	val-rmse:41.69765
[XGBoost] iteration 65 took 58.151851 seconds
[65]	val-rmse:41.69847
[XGBoost] iteration 66 took 59.891890 seconds
[66]	val-rmse:41.69796
[XGBoost] iteration 67 took 57.630898 seconds
[67]	val-rmse:41.69807
[XGBoost] iteration 68 took 59.993076 seconds
[68]	val-rmse:41.69818
[XGBoost] iteration 69 took 61.798854 seconds
[69]	val-rmse:41.69832
[XGBoost] iteration 70 took 55.741177 seconds
[70]	val-rmse:41.69844
[XGBoost] iteration 71 took 56.273363 seconds
[71]	val-rmse:41.69916
[XGBoost] iteration 72 took 54.182381 seconds
[72]	val-rmse:41.69921
[XGBoost] iteration 73 took 60.584279 seconds
[73]	val-rmse:41.69931
[XGBoost] iteration 74 took 54.574939 seconds
[74]	val-rmse:41.69942
[XGBoost] iteration 75 took 51.195849 seconds
[75]	val-rmse:41.69949
[XGBoost] iteration 76 took 68.095333 seconds
[76]	val-rmse:41.70038
[XGBoost] iteration 77 took 58.653800 seconds
[77]	val-rmse:41.70359
[XGBoost] iteration 78 took 61.747319 seconds
[78]	val-rmse:41.70369
[XGBoost] iteration 79 took 66.109017 seconds
[79]	val-rmse:41.70430
[XGBoost] iteration 80 took 64.319760 seconds
[80]	val-rmse:41.70446
[XGBoost] iteration 81 took 62.525611 seconds
[81]	val-rmse:41.70458
[XGBoost] iteration 82 took 57.915766 seconds
[82]	val-rmse:41.70509
[XGBoost] iteration 83 took 58.239915 seconds
[83]	val-rmse:41.70556
[XGBoost] iteration 84 took 58.396059 seconds
[84]	val-rmse:41.70610
[XGBoost] iteration 85 took 58.958738 seconds
[85]	val-rmse:41.70648
[XGBoost] iteration 86 took 58.506419 seconds
[86]	val-rmse:41.70761
[XGBoost] iteration 87 took 57.294562 seconds
[87]	val-rmse:41.70763
[XGBoost] iteration 88 took 63.262054 seconds
[88]	val-rmse:41.70866
[XGBoost] iteration 89 took 64.202061 seconds
[89]	val-rmse:41.71007
[XGBoost] iteration 90 took 61.109123 seconds
[90]	val-rmse:41.71360
[XGBoost] iteration 91 took 66.735074 seconds
[91]	val-rmse:41.71362
[XGBoost] iteration 92 took 63.666255 seconds
[92]	val-rmse:41.71495
[XGBoost] iteration 93 took 66.511068 seconds
[93]	val-rmse:41.71498
[XGBoost] iteration 94 took 64.832699 seconds
[94]	val-rmse:41.71613
[XGBoost] iteration 95 took 64.994262 seconds
[95]	val-rmse:41.71679
[XGBoost] iteration 96 took 61.451496 seconds
[96]	val-rmse:41.71725
[XGBoost] iteration 97 took 58.427852 seconds
[97]	val-rmse:41.71857
[XGBoost] iteration 98 took 56.263816 seconds
[98]	val-rmse:41.71913
[XGBoost] iteration 99 took 58.892705 seconds
[99]	val-rmse:41.71917
[XGBoost] iteration 100 took 55.809437 seconds
[XGBoost] Average iteration time: 56.686232869625094
[XGBoost] Std iteration time: 4.876722019530176
