[LightGBM] [Info] Finished loading parameters
[LightGBM] [Info] Loading query boundaries...
[LightGBM] [Info] Loading query boundaries...
[LightGBM] [Info] Finished loading data in 18.636709 seconds
[LightGBM] [Info] Total Bins 25424
[LightGBM] [Info] Number of data: 2270296, number of used features: 136
[LightGBM] [Info] Finished initializing training
[LightGBM] [Info] Started training...
[LightGBM] [Info] Trained a tree with leaves=255 and max_depth=18
[LightGBM] [Info] Iteration:1, valid_1 ndcg@1 : 0.331044
[LightGBM] [Info] Iteration:1, valid_1 ndcg@3 : 0.352121
[LightGBM] [Info] Iteration:1, valid_1 ndcg@5 : 0.364934
[LightGBM] [Info] Iteration:1, valid_1 ndcg@10 : 0.392489
[LightGBM] [Info] 1.446004 seconds elapsed, finished iteration 1
[LightGBM] [Info] Trained a tree with leaves=255 and max_depth=20
[LightGBM] [Info] Iteration:2, valid_1 ndcg@1 : 0.399545
[LightGBM] [Info] Iteration:2, valid_1 ndcg@3 : 0.396948
[LightGBM] [Info] Iteration:2, valid_1 ndcg@5 : 0.403975
[LightGBM] [Info] Iteration:2, valid_1 ndcg@10 : 0.427914
[LightGBM] [Info] 2.950156 seconds elapsed, finished iteration 2
[LightGBM] [Info] Trained a tree with leaves=255 and max_depth=16
[LightGBM] [Info] Iteration:3, valid_1 ndcg@1 : 0.423471
[LightGBM] [Info] Iteration:3, valid_1 ndcg@3 : 0.411734
[LightGBM] [Info] Iteration:3, valid_1 ndcg@5 : 0.418477
[LightGBM] [Info] Iteration:3, valid_1 ndcg@10 : 0.441031
[LightGBM] [Info] 4.462339 seconds elapsed, finished iteration 3
[LightGBM] [Info] Trained a tree with leaves=255 and max_depth=16
[LightGBM] [Info] Iteration:4, valid_1 ndcg@1 : 0.426813
[LightGBM] [Info] Iteration:4, valid_1 ndcg@3 : 0.417198
[LightGBM] [Info] Iteration:4, valid_1 ndcg@5 : 0.424598
[LightGBM] [Info] Iteration:4, valid_1 ndcg@10 : 0.447051
[LightGBM] [Info] 5.953743 seconds elapsed, finished iteration 4
[LightGBM] [Info] Trained a tree with leaves=255 and max_depth=18
[LightGBM] [Info] Iteration:5, valid_1 ndcg@1 : 0.435596
[LightGBM] [Info] Iteration:5, valid_1 ndcg@3 : 0.423241
[LightGBM] [Info] Iteration:5, valid_1 ndcg@5 : 0.430509
[LightGBM] [Info] Iteration:5, valid_1 ndcg@10 : 0.45304
[LightGBM] [Info] 7.497229 seconds elapsed, finished iteration 5
[LightGBM] [Info] Trained a tree with leaves=255 and max_depth=16
[LightGBM] [Info] Iteration:6, valid_1 ndcg@1 : 0.438224
[LightGBM] [Info] Iteration:6, valid_1 ndcg@3 : 0.427876
[LightGBM] [Info] Iteration:6, valid_1 ndcg@5 : 0.435293
[LightGBM] [Info] Iteration:6, valid_1 ndcg@10 : 0.457172
[LightGBM] [Info] 9.001065 seconds elapsed, finished iteration 6
[LightGBM] [Info] Trained a tree with leaves=255 and max_depth=16
[LightGBM] [Info] Iteration:7, valid_1 ndcg@1 : 0.440246
[LightGBM] [Info] Iteration:7, valid_1 ndcg@3 : 0.430912
[LightGBM] [Info] Iteration:7, valid_1 ndcg@5 : 0.438459
[LightGBM] [Info] Iteration:7, valid_1 ndcg@10 : 0.460421
[LightGBM] [Info] 10.509275 seconds elapsed, finished iteration 7
[LightGBM] [Info] Trained a tree with leaves=255 and max_depth=16
[LightGBM] [Info] Iteration:8, valid_1 ndcg@1 : 0.446932
[LightGBM] [Info] Iteration:8, valid_1 ndcg@3 : 0.433998
[LightGBM] [Info] Iteration:8, valid_1 ndcg@5 : 0.440852
[LightGBM] [Info] Iteration:8, valid_1 ndcg@10 : 0.462006
[LightGBM] [Info] 12.002101 seconds elapsed, finished iteration 8
[LightGBM] [Info] Trained a tree with leaves=255 and max_depth=15
[LightGBM] [Info] Iteration:9, valid_1 ndcg@1 : 0.450005
[LightGBM] [Info] Iteration:9, valid_1 ndcg@3 : 0.437132
[LightGBM] [Info] Iteration:9, valid_1 ndcg@5 : 0.442982
[LightGBM] [Info] Iteration:9, valid_1 ndcg@10 : 0.464053
[LightGBM] [Info] 13.503144 seconds elapsed, finished iteration 9
[LightGBM] [Info] Trained a tree with leaves=255 and max_depth=16
[LightGBM] [Info] Iteration:10, valid_1 ndcg@1 : 0.452118
[LightGBM] [Info] Iteration:10, valid_1 ndcg@3 : 0.439333
[LightGBM] [Info] Iteration:10, valid_1 ndcg@5 : 0.444538
[LightGBM] [Info] Iteration:10, valid_1 ndcg@10 : 0.465808
[LightGBM] [Info] 15.003243 seconds elapsed, finished iteration 10
[LightGBM] [Info] Trained a tree with leaves=255 and max_depth=15
[LightGBM] [Info] Iteration:11, valid_1 ndcg@1 : 0.45328
[LightGBM] [Info] Iteration:11, valid_1 ndcg@3 : 0.439465
[LightGBM] [Info] Iteration:11, valid_1 ndcg@5 : 0.445492
[LightGBM] [Info] Iteration:11, valid_1 ndcg@10 : 0.466762
[LightGBM] [Info] 16.508449 seconds elapsed, finished iteration 11
[LightGBM] [Info] Trained a tree with leaves=255 and max_depth=19
[LightGBM] [Info] Iteration:12, valid_1 ndcg@1 : 0.454082
[LightGBM] [Info] Iteration:12, valid_1 ndcg@3 : 0.44045
[LightGBM] [Info] Iteration:12, valid_1 ndcg@5 : 0.446838
[LightGBM] [Info] Iteration:12, valid_1 ndcg@10 : 0.468073
[LightGBM] [Info] 18.046663 seconds elapsed, finished iteration 12
[LightGBM] [Info] Trained a tree with leaves=255 and max_depth=16
[LightGBM] [Info] Iteration:13, valid_1 ndcg@1 : 0.453313
[LightGBM] [Info] Iteration:13, valid_1 ndcg@3 : 0.441659
[LightGBM] [Info] Iteration:13, valid_1 ndcg@5 : 0.447475
[LightGBM] [Info] Iteration:13, valid_1 ndcg@10 : 0.469129
[LightGBM] [Info] 19.541098 seconds elapsed, finished iteration 13
[LightGBM] [Info] Trained a tree with leaves=255 and max_depth=21
[LightGBM] [Info] Iteration:14, valid_1 ndcg@1 : 0.459843
[LightGBM] [Info] Iteration:14, valid_1 ndcg@3 : 0.445596
[LightGBM] [Info] Iteration:14, valid_1 ndcg@5 : 0.450976
[LightGBM] [Info] Iteration:14, valid_1 ndcg@10 : 0.470892
[LightGBM] [Info] 21.134317 seconds elapsed, finished iteration 14
[LightGBM] [Info] Trained a tree with leaves=255 and max_depth=19
[LightGBM] [Info] Iteration:15, valid_1 ndcg@1 : 0.461255
[LightGBM] [Info] Iteration:15, valid_1 ndcg@3 : 0.446699
[LightGBM] [Info] Iteration:15, valid_1 ndcg@5 : 0.451675
[LightGBM] [Info] Iteration:15, valid_1 ndcg@10 : 0.472421
[LightGBM] [Info] 22.655967 seconds elapsed, finished iteration 15
[LightGBM] [Info] Trained a tree with leaves=255 and max_depth=19
[LightGBM] [Info] Iteration:16, valid_1 ndcg@1 : 0.463033
[LightGBM] [Info] Iteration:16, valid_1 ndcg@3 : 0.447749
[LightGBM] [Info] Iteration:16, valid_1 ndcg@5 : 0.452209
[LightGBM] [Info] Iteration:16, valid_1 ndcg@10 : 0.473248
[LightGBM] [Info] 24.159821 seconds elapsed, finished iteration 16
[LightGBM] [Info] Trained a tree with leaves=255 and max_depth=17
[LightGBM] [Info] Iteration:17, valid_1 ndcg@1 : 0.460481
[LightGBM] [Info] Iteration:17, valid_1 ndcg@3 : 0.446722
[LightGBM] [Info] Iteration:17, valid_1 ndcg@5 : 0.452366
[LightGBM] [Info] Iteration:17, valid_1 ndcg@10 : 0.473576
[LightGBM] [Info] 25.674856 seconds elapsed, finished iteration 17
[LightGBM] [Info] Trained a tree with leaves=255 and max_depth=17
[LightGBM] [Info] Iteration:18, valid_1 ndcg@1 : 0.461879
[LightGBM] [Info] Iteration:18, valid_1 ndcg@3 : 0.448312
[LightGBM] [Info] Iteration:18, valid_1 ndcg@5 : 0.454067
[LightGBM] [Info] Iteration:18, valid_1 ndcg@10 : 0.474734
[LightGBM] [Info] 27.164662 seconds elapsed, finished iteration 18
[LightGBM] [Info] Trained a tree with leaves=255 and max_depth=18
[LightGBM] [Info] Iteration:19, valid_1 ndcg@1 : 0.461924
[LightGBM] [Info] Iteration:19, valid_1 ndcg@3 : 0.448451
[LightGBM] [Info] Iteration:19, valid_1 ndcg@5 : 0.454615
[LightGBM] [Info] Iteration:19, valid_1 ndcg@10 : 0.475589
[LightGBM] [Info] 28.730928 seconds elapsed, finished iteration 19
[LightGBM] [Info] Trained a tree with leaves=255 and max_depth=18
[LightGBM] [Info] Iteration:20, valid_1 ndcg@1 : 0.462291
[LightGBM] [Info] Iteration:20, valid_1 ndcg@3 : 0.448955
[LightGBM] [Info] Iteration:20, valid_1 ndcg@5 : 0.45534
[LightGBM] [Info] Iteration:20, valid_1 ndcg@10 : 0.476518
[LightGBM] [Info] 30.233487 seconds elapsed, finished iteration 20
[LightGBM] [Info] Trained a tree with leaves=255 and max_depth=15
[LightGBM] [Info] Iteration:21, valid_1 ndcg@1 : 0.461776
[LightGBM] [Info] Iteration:21, valid_1 ndcg@3 : 0.449476
[LightGBM] [Info] Iteration:21, valid_1 ndcg@5 : 0.456041
[LightGBM] [Info] Iteration:21, valid_1 ndcg@10 : 0.476456
[LightGBM] [Info] 31.739434 seconds elapsed, finished iteration 21
[LightGBM] [Info] Trained a tree with leaves=255 and max_depth=20
[LightGBM] [Info] Iteration:22, valid_1 ndcg@1 : 0.463105
[LightGBM] [Info] Iteration:22, valid_1 ndcg@3 : 0.450159
[LightGBM] [Info] Iteration:22, valid_1 ndcg@5 : 0.456792
[LightGBM] [Info] Iteration:22, valid_1 ndcg@10 : 0.477147
[LightGBM] [Info] 33.261724 seconds elapsed, finished iteration 22
[LightGBM] [Info] Trained a tree with leaves=255 and max_depth=19
[LightGBM] [Info] Iteration:23, valid_1 ndcg@1 : 0.464508
[LightGBM] [Info] Iteration:23, valid_1 ndcg@3 : 0.450592
[LightGBM] [Info] Iteration:23, valid_1 ndcg@5 : 0.456602
[LightGBM] [Info] Iteration:23, valid_1 ndcg@10 : 0.477379
[LightGBM] [Info] 34.797284 seconds elapsed, finished iteration 23
[LightGBM] [Info] Trained a tree with leaves=255 and max_depth=18
[LightGBM] [Info] Iteration:24, valid_1 ndcg@1 : 0.46643
[LightGBM] [Info] Iteration:24, valid_1 ndcg@3 : 0.451555
[LightGBM] [Info] Iteration:24, valid_1 ndcg@5 : 0.457654
[LightGBM] [Info] Iteration:24, valid_1 ndcg@10 : 0.478408
[LightGBM] [Info] 36.313240 seconds elapsed, finished iteration 24
[LightGBM] [Info] Trained a tree with leaves=255 and max_depth=16
[LightGBM] [Info] Iteration:25, valid_1 ndcg@1 : 0.46652
[LightGBM] [Info] Iteration:25, valid_1 ndcg@3 : 0.452154
[LightGBM] [Info] Iteration:25, valid_1 ndcg@5 : 0.457904
[LightGBM] [Info] Iteration:25, valid_1 ndcg@10 : 0.47889
[LightGBM] [Info] 37.802782 seconds elapsed, finished iteration 25
[LightGBM] [Info] Trained a tree with leaves=255 and max_depth=16
[LightGBM] [Info] Iteration:26, valid_1 ndcg@1 : 0.467668
[LightGBM] [Info] Iteration:26, valid_1 ndcg@3 : 0.452977
[LightGBM] [Info] Iteration:26, valid_1 ndcg@5 : 0.458092
[LightGBM] [Info] Iteration:26, valid_1 ndcg@10 : 0.47944
[LightGBM] [Info] 39.294563 seconds elapsed, finished iteration 26
[LightGBM] [Info] Trained a tree with leaves=255 and max_depth=17
[LightGBM] [Info] Iteration:27, valid_1 ndcg@1 : 0.468509
[LightGBM] [Info] Iteration:27, valid_1 ndcg@3 : 0.454247
[LightGBM] [Info] Iteration:27, valid_1 ndcg@5 : 0.458743
[LightGBM] [Info] Iteration:27, valid_1 ndcg@10 : 0.479795
[LightGBM] [Info] 40.808381 seconds elapsed, finished iteration 27
[LightGBM] [Info] Trained a tree with leaves=255 and max_depth=19
[LightGBM] [Info] Iteration:28, valid_1 ndcg@1 : 0.469172
[LightGBM] [Info] Iteration:28, valid_1 ndcg@3 : 0.454889
[LightGBM] [Info] Iteration:28, valid_1 ndcg@5 : 0.459243
[LightGBM] [Info] Iteration:28, valid_1 ndcg@10 : 0.480107
[LightGBM] [Info] 42.360165 seconds elapsed, finished iteration 28
[LightGBM] [Info] Trained a tree with leaves=255 and max_depth=19
[LightGBM] [Info] Iteration:29, valid_1 ndcg@1 : 0.469432
[LightGBM] [Info] Iteration:29, valid_1 ndcg@3 : 0.455078
[LightGBM] [Info] Iteration:29, valid_1 ndcg@5 : 0.460133
[LightGBM] [Info] Iteration:29, valid_1 ndcg@10 : 0.480704
[LightGBM] [Info] 43.944763 seconds elapsed, finished iteration 29
[LightGBM] [Info] Trained a tree with leaves=255 and max_depth=18
[LightGBM] [Info] Iteration:30, valid_1 ndcg@1 : 0.472342
[LightGBM] [Info] Iteration:30, valid_1 ndcg@3 : 0.456304
[LightGBM] [Info] Iteration:30, valid_1 ndcg@5 : 0.461325
[LightGBM] [Info] Iteration:30, valid_1 ndcg@10 : 0.481414
[LightGBM] [Info] 45.447106 seconds elapsed, finished iteration 30
[LightGBM] [Info] Trained a tree with leaves=255 and max_depth=16
[LightGBM] [Info] Iteration:31, valid_1 ndcg@1 : 0.473132
[LightGBM] [Info] Iteration:31, valid_1 ndcg@3 : 0.456997
[LightGBM] [Info] Iteration:31, valid_1 ndcg@5 : 0.461622
[LightGBM] [Info] Iteration:31, valid_1 ndcg@10 : 0.481958
[LightGBM] [Info] 46.966280 seconds elapsed, finished iteration 31
[LightGBM] [Info] Trained a tree with leaves=255 and max_depth=18
[LightGBM] [Info] Iteration:32, valid_1 ndcg@1 : 0.47141
[LightGBM] [Info] Iteration:32, valid_1 ndcg@3 : 0.457143
[LightGBM] [Info] Iteration:32, valid_1 ndcg@5 : 0.461533
[LightGBM] [Info] Iteration:32, valid_1 ndcg@10 : 0.48211
[LightGBM] [Info] 48.527061 seconds elapsed, finished iteration 32
[LightGBM] [Info] Trained a tree with leaves=255 and max_depth=17
[LightGBM] [Info] Iteration:33, valid_1 ndcg@1 : 0.4713
[LightGBM] [Info] Iteration:33, valid_1 ndcg@3 : 0.457444
[LightGBM] [Info] Iteration:33, valid_1 ndcg@5 : 0.461669
[LightGBM] [Info] Iteration:33, valid_1 ndcg@10 : 0.482116
[LightGBM] [Info] 50.082117 seconds elapsed, finished iteration 33
[LightGBM] [Info] Trained a tree with leaves=255 and max_depth=17
[LightGBM] [Info] Iteration:34, valid_1 ndcg@1 : 0.472866
[LightGBM] [Info] Iteration:34, valid_1 ndcg@3 : 0.457572
[LightGBM] [Info] Iteration:34, valid_1 ndcg@5 : 0.4623
[LightGBM] [Info] Iteration:34, valid_1 ndcg@10 : 0.48278
[LightGBM] [Info] 51.596304 seconds elapsed, finished iteration 34
[LightGBM] [Info] Trained a tree with leaves=255 and max_depth=17
[LightGBM] [Info] Iteration:35, valid_1 ndcg@1 : 0.474266
[LightGBM] [Info] Iteration:35, valid_1 ndcg@3 : 0.458182
[LightGBM] [Info] Iteration:35, valid_1 ndcg@5 : 0.463169
[LightGBM] [Info] Iteration:35, valid_1 ndcg@10 : 0.483235
[LightGBM] [Info] 53.072314 seconds elapsed, finished iteration 35
[LightGBM] [Info] Trained a tree with leaves=255 and max_depth=24
[LightGBM] [Info] Iteration:36, valid_1 ndcg@1 : 0.475221
[LightGBM] [Info] Iteration:36, valid_1 ndcg@3 : 0.458938
[LightGBM] [Info] Iteration:36, valid_1 ndcg@5 : 0.463696
[LightGBM] [Info] Iteration:36, valid_1 ndcg@10 : 0.483687
[LightGBM] [Info] 54.664747 seconds elapsed, finished iteration 36
[LightGBM] [Info] Trained a tree with leaves=255 and max_depth=18
[LightGBM] [Info] Iteration:37, valid_1 ndcg@1 : 0.476145
[LightGBM] [Info] Iteration:37, valid_1 ndcg@3 : 0.458922
[LightGBM] [Info] Iteration:37, valid_1 ndcg@5 : 0.463588
[LightGBM] [Info] Iteration:37, valid_1 ndcg@10 : 0.483997
[LightGBM] [Info] 56.172609 seconds elapsed, finished iteration 37
[LightGBM] [Info] Trained a tree with leaves=255 and max_depth=14
[LightGBM] [Info] Iteration:38, valid_1 ndcg@1 : 0.475648
[LightGBM] [Info] Iteration:38, valid_1 ndcg@3 : 0.458882
[LightGBM] [Info] Iteration:38, valid_1 ndcg@5 : 0.46362
[LightGBM] [Info] Iteration:38, valid_1 ndcg@10 : 0.484007
[LightGBM] [Info] 57.691384 seconds elapsed, finished iteration 38
[LightGBM] [Info] Trained a tree with leaves=255 and max_depth=17
[LightGBM] [Info] Iteration:39, valid_1 ndcg@1 : 0.475385
[LightGBM] [Info] Iteration:39, valid_1 ndcg@3 : 0.459285
[LightGBM] [Info] Iteration:39, valid_1 ndcg@5 : 0.464029
[LightGBM] [Info] Iteration:39, valid_1 ndcg@10 : 0.484208
[LightGBM] [Info] 59.228449 seconds elapsed, finished iteration 39
[LightGBM] [Info] Trained a tree with leaves=255 and max_depth=18
[LightGBM] [Info] Iteration:40, valid_1 ndcg@1 : 0.474112
[LightGBM] [Info] Iteration:40, valid_1 ndcg@3 : 0.459329
[LightGBM] [Info] Iteration:40, valid_1 ndcg@5 : 0.463993
[LightGBM] [Info] Iteration:40, valid_1 ndcg@10 : 0.484502
[LightGBM] [Info] 60.799349 seconds elapsed, finished iteration 40
[LightGBM] [Info] Trained a tree with leaves=255 and max_depth=18
[LightGBM] [Info] Iteration:41, valid_1 ndcg@1 : 0.477924
[LightGBM] [Info] Iteration:41, valid_1 ndcg@3 : 0.460292
[LightGBM] [Info] Iteration:41, valid_1 ndcg@5 : 0.465039
[LightGBM] [Info] Iteration:41, valid_1 ndcg@10 : 0.485132
[LightGBM] [Info] 62.433491 seconds elapsed, finished iteration 41
[LightGBM] [Info] Trained a tree with leaves=255 and max_depth=18
[LightGBM] [Info] Iteration:42, valid_1 ndcg@1 : 0.478941
[LightGBM] [Info] Iteration:42, valid_1 ndcg@3 : 0.460317
[LightGBM] [Info] Iteration:42, valid_1 ndcg@5 : 0.465752
[LightGBM] [Info] Iteration:42, valid_1 ndcg@10 : 0.485636
[LightGBM] [Info] 63.951653 seconds elapsed, finished iteration 42
[LightGBM] [Info] Trained a tree with leaves=255 and max_depth=25
[LightGBM] [Info] Iteration:43, valid_1 ndcg@1 : 0.478187
[LightGBM] [Info] Iteration:43, valid_1 ndcg@3 : 0.460472
[LightGBM] [Info] Iteration:43, valid_1 ndcg@5 : 0.465946
[LightGBM] [Info] Iteration:43, valid_1 ndcg@10 : 0.486207
[LightGBM] [Info] 65.574826 seconds elapsed, finished iteration 43
[LightGBM] [Info] Trained a tree with leaves=255 and max_depth=21
[LightGBM] [Info] Iteration:44, valid_1 ndcg@1 : 0.476332
[LightGBM] [Info] Iteration:44, valid_1 ndcg@3 : 0.460081
[LightGBM] [Info] Iteration:44, valid_1 ndcg@5 : 0.465819
[LightGBM] [Info] Iteration:44, valid_1 ndcg@10 : 0.48597
[LightGBM] [Info] 67.185820 seconds elapsed, finished iteration 44
[LightGBM] [Info] Trained a tree with leaves=255 and max_depth=18
[LightGBM] [Info] Iteration:45, valid_1 ndcg@1 : 0.476257
[LightGBM] [Info] Iteration:45, valid_1 ndcg@3 : 0.460384
[LightGBM] [Info] Iteration:45, valid_1 ndcg@5 : 0.466235
[LightGBM] [Info] Iteration:45, valid_1 ndcg@10 : 0.485837
[LightGBM] [Info] 68.753034 seconds elapsed, finished iteration 45
[LightGBM] [Info] Trained a tree with leaves=255 and max_depth=18
[LightGBM] [Info] Iteration:46, valid_1 ndcg@1 : 0.47708
[LightGBM] [Info] Iteration:46, valid_1 ndcg@3 : 0.460305
[LightGBM] [Info] Iteration:46, valid_1 ndcg@5 : 0.466538
[LightGBM] [Info] Iteration:46, valid_1 ndcg@10 : 0.48611
[LightGBM] [Info] 70.339248 seconds elapsed, finished iteration 46
[LightGBM] [Info] Trained a tree with leaves=255 and max_depth=15
[LightGBM] [Info] Iteration:47, valid_1 ndcg@1 : 0.476659
[LightGBM] [Info] Iteration:47, valid_1 ndcg@3 : 0.460067
[LightGBM] [Info] Iteration:47, valid_1 ndcg@5 : 0.466064
[LightGBM] [Info] Iteration:47, valid_1 ndcg@10 : 0.48614
[LightGBM] [Info] 71.858700 seconds elapsed, finished iteration 47
[LightGBM] [Info] Trained a tree with leaves=255 and max_depth=17
[LightGBM] [Info] Iteration:48, valid_1 ndcg@1 : 0.47761
[LightGBM] [Info] Iteration:48, valid_1 ndcg@3 : 0.461146
[LightGBM] [Info] Iteration:48, valid_1 ndcg@5 : 0.466296
[LightGBM] [Info] Iteration:48, valid_1 ndcg@10 : 0.486524
[LightGBM] [Info] 73.408594 seconds elapsed, finished iteration 48
[LightGBM] [Info] Trained a tree with leaves=255 and max_depth=16
[LightGBM] [Info] Iteration:49, valid_1 ndcg@1 : 0.47826
[LightGBM] [Info] Iteration:49, valid_1 ndcg@3 : 0.461228
[LightGBM] [Info] Iteration:49, valid_1 ndcg@5 : 0.466707
[LightGBM] [Info] Iteration:49, valid_1 ndcg@10 : 0.486689
[LightGBM] [Info] 74.953574 seconds elapsed, finished iteration 49
[LightGBM] [Info] Trained a tree with leaves=255 and max_depth=16
[LightGBM] [Info] Iteration:50, valid_1 ndcg@1 : 0.477586
[LightGBM] [Info] Iteration:50, valid_1 ndcg@3 : 0.461308
[LightGBM] [Info] Iteration:50, valid_1 ndcg@5 : 0.466689
[LightGBM] [Info] Iteration:50, valid_1 ndcg@10 : 0.486763
[LightGBM] [Info] 76.508954 seconds elapsed, finished iteration 50
[LightGBM] [Info] Trained a tree with leaves=255 and max_depth=15
[LightGBM] [Info] Iteration:51, valid_1 ndcg@1 : 0.478395
[LightGBM] [Info] Iteration:51, valid_1 ndcg@3 : 0.46214
[LightGBM] [Info] Iteration:51, valid_1 ndcg@5 : 0.467309
[LightGBM] [Info] Iteration:51, valid_1 ndcg@10 : 0.487025
[LightGBM] [Info] 78.020668 seconds elapsed, finished iteration 51
[LightGBM] [Info] Trained a tree with leaves=255 and max_depth=16
[LightGBM] [Info] Iteration:52, valid_1 ndcg@1 : 0.479361
[LightGBM] [Info] Iteration:52, valid_1 ndcg@3 : 0.462619
[LightGBM] [Info] Iteration:52, valid_1 ndcg@5 : 0.467306
[LightGBM] [Info] Iteration:52, valid_1 ndcg@10 : 0.487739
[LightGBM] [Info] 79.554556 seconds elapsed, finished iteration 52
[LightGBM] [Info] Trained a tree with leaves=255 and max_depth=17
[LightGBM] [Info] Iteration:53, valid_1 ndcg@1 : 0.479037
[LightGBM] [Info] Iteration:53, valid_1 ndcg@3 : 0.463087
[LightGBM] [Info] Iteration:53, valid_1 ndcg@5 : 0.467661
[LightGBM] [Info] Iteration:53, valid_1 ndcg@10 : 0.487652
[LightGBM] [Info] 81.081934 seconds elapsed, finished iteration 53
[LightGBM] [Info] Trained a tree with leaves=255 and max_depth=20
[LightGBM] [Info] Iteration:54, valid_1 ndcg@1 : 0.479516
[LightGBM] [Info] Iteration:54, valid_1 ndcg@3 : 0.463399
[LightGBM] [Info] Iteration:54, valid_1 ndcg@5 : 0.467345
[LightGBM] [Info] Iteration:54, valid_1 ndcg@10 : 0.488166
[LightGBM] [Info] 82.693447 seconds elapsed, finished iteration 54
[LightGBM] [Info] Trained a tree with leaves=255 and max_depth=20
[LightGBM] [Info] Iteration:55, valid_1 ndcg@1 : 0.481073
[LightGBM] [Info] Iteration:55, valid_1 ndcg@3 : 0.463873
[LightGBM] [Info] Iteration:55, valid_1 ndcg@5 : 0.468151
[LightGBM] [Info] Iteration:55, valid_1 ndcg@10 : 0.488373
[LightGBM] [Info] 84.263222 seconds elapsed, finished iteration 55
[LightGBM] [Info] Trained a tree with leaves=255 and max_depth=18
[LightGBM] [Info] Iteration:56, valid_1 ndcg@1 : 0.481186
[LightGBM] [Info] Iteration:56, valid_1 ndcg@3 : 0.464477
[LightGBM] [Info] Iteration:56, valid_1 ndcg@5 : 0.468429
[LightGBM] [Info] Iteration:56, valid_1 ndcg@10 : 0.488607
[LightGBM] [Info] 85.836123 seconds elapsed, finished iteration 56
[LightGBM] [Info] Trained a tree with leaves=255 and max_depth=17
[LightGBM] [Info] Iteration:57, valid_1 ndcg@1 : 0.483076
[LightGBM] [Info] Iteration:57, valid_1 ndcg@3 : 0.465741
[LightGBM] [Info] Iteration:57, valid_1 ndcg@5 : 0.469264
[LightGBM] [Info] Iteration:57, valid_1 ndcg@10 : 0.489282
[LightGBM] [Info] 87.319159 seconds elapsed, finished iteration 57
[LightGBM] [Info] Trained a tree with leaves=255 and max_depth=21
[LightGBM] [Info] Iteration:58, valid_1 ndcg@1 : 0.483562
[LightGBM] [Info] Iteration:58, valid_1 ndcg@3 : 0.465577
[LightGBM] [Info] Iteration:58, valid_1 ndcg@5 : 0.469545
[LightGBM] [Info] Iteration:58, valid_1 ndcg@10 : 0.489378
[LightGBM] [Info] 88.902454 seconds elapsed, finished iteration 58
[LightGBM] [Info] Trained a tree with leaves=255 and max_depth=18
[LightGBM] [Info] Iteration:59, valid_1 ndcg@1 : 0.482306
[LightGBM] [Info] Iteration:59, valid_1 ndcg@3 : 0.465288
[LightGBM] [Info] Iteration:59, valid_1 ndcg@5 : 0.469116
[LightGBM] [Info] Iteration:59, valid_1 ndcg@10 : 0.489356
[LightGBM] [Info] 90.472033 seconds elapsed, finished iteration 59
[LightGBM] [Info] Trained a tree with leaves=255 and max_depth=20
[LightGBM] [Info] Iteration:60, valid_1 ndcg@1 : 0.483873
[LightGBM] [Info] Iteration:60, valid_1 ndcg@3 : 0.465728
[LightGBM] [Info] Iteration:60, valid_1 ndcg@5 : 0.469774
[LightGBM] [Info] Iteration:60, valid_1 ndcg@10 : 0.489658
[LightGBM] [Info] 92.052325 seconds elapsed, finished iteration 60
[LightGBM] [Info] Trained a tree with leaves=255 and max_depth=20
[LightGBM] [Info] Iteration:61, valid_1 ndcg@1 : 0.483316
[LightGBM] [Info] Iteration:61, valid_1 ndcg@3 : 0.46533
[LightGBM] [Info] Iteration:61, valid_1 ndcg@5 : 0.469429
[LightGBM] [Info] Iteration:61, valid_1 ndcg@10 : 0.489609
[LightGBM] [Info] 93.595263 seconds elapsed, finished iteration 61
[LightGBM] [Info] Trained a tree with leaves=255 and max_depth=19
[LightGBM] [Info] Iteration:62, valid_1 ndcg@1 : 0.484083
[LightGBM] [Info] Iteration:62, valid_1 ndcg@3 : 0.465492
[LightGBM] [Info] Iteration:62, valid_1 ndcg@5 : 0.469883
[LightGBM] [Info] Iteration:62, valid_1 ndcg@10 : 0.48972
[LightGBM] [Info] 95.144104 seconds elapsed, finished iteration 62
[LightGBM] [Info] Trained a tree with leaves=255 and max_depth=20
[LightGBM] [Info] Iteration:63, valid_1 ndcg@1 : 0.48432
[LightGBM] [Info] Iteration:63, valid_1 ndcg@3 : 0.466211
[LightGBM] [Info] Iteration:63, valid_1 ndcg@5 : 0.470389
[LightGBM] [Info] Iteration:63, valid_1 ndcg@10 : 0.490249
[LightGBM] [Info] 96.631463 seconds elapsed, finished iteration 63
[LightGBM] [Info] Trained a tree with leaves=255 and max_depth=22
[LightGBM] [Info] Iteration:64, valid_1 ndcg@1 : 0.483118
[LightGBM] [Info] Iteration:64, valid_1 ndcg@3 : 0.465287
[LightGBM] [Info] Iteration:64, valid_1 ndcg@5 : 0.469796
[LightGBM] [Info] Iteration:64, valid_1 ndcg@10 : 0.490006
[LightGBM] [Info] 98.229316 seconds elapsed, finished iteration 64
[LightGBM] [Info] Trained a tree with leaves=255 and max_depth=20
[LightGBM] [Info] Iteration:65, valid_1 ndcg@1 : 0.483186
[LightGBM] [Info] Iteration:65, valid_1 ndcg@3 : 0.46495
[LightGBM] [Info] Iteration:65, valid_1 ndcg@5 : 0.469964
[LightGBM] [Info] Iteration:65, valid_1 ndcg@10 : 0.489777
[LightGBM] [Info] 99.707375 seconds elapsed, finished iteration 65
[LightGBM] [Info] Trained a tree with leaves=255 and max_depth=28
[LightGBM] [Info] Iteration:66, valid_1 ndcg@1 : 0.484461
[LightGBM] [Info] Iteration:66, valid_1 ndcg@3 : 0.466149
[LightGBM] [Info] Iteration:66, valid_1 ndcg@5 : 0.470602
[LightGBM] [Info] Iteration:66, valid_1 ndcg@10 : 0.490576
[LightGBM] [Info] 101.272290 seconds elapsed, finished iteration 66
[LightGBM] [Info] Trained a tree with leaves=255 and max_depth=21
[LightGBM] [Info] Iteration:67, valid_1 ndcg@1 : 0.483872
[LightGBM] [Info] Iteration:67, valid_1 ndcg@3 : 0.466151
[LightGBM] [Info] Iteration:67, valid_1 ndcg@5 : 0.470665
[LightGBM] [Info] Iteration:67, valid_1 ndcg@10 : 0.490748
[LightGBM] [Info] 102.781457 seconds elapsed, finished iteration 67
[LightGBM] [Info] Trained a tree with leaves=255 and max_depth=20
[LightGBM] [Info] Iteration:68, valid_1 ndcg@1 : 0.483925
[LightGBM] [Info] Iteration:68, valid_1 ndcg@3 : 0.46656
[LightGBM] [Info] Iteration:68, valid_1 ndcg@5 : 0.47093
[LightGBM] [Info] Iteration:68, valid_1 ndcg@10 : 0.491016
[LightGBM] [Info] 104.383142 seconds elapsed, finished iteration 68
[LightGBM] [Info] Trained a tree with leaves=255 and max_depth=17
[LightGBM] [Info] Iteration:69, valid_1 ndcg@1 : 0.485029
[LightGBM] [Info] Iteration:69, valid_1 ndcg@3 : 0.466699
[LightGBM] [Info] Iteration:69, valid_1 ndcg@5 : 0.471
[LightGBM] [Info] Iteration:69, valid_1 ndcg@10 : 0.4911
[LightGBM] [Info] 105.915513 seconds elapsed, finished iteration 69
[LightGBM] [Info] Trained a tree with leaves=255 and max_depth=16
[LightGBM] [Info] Iteration:70, valid_1 ndcg@1 : 0.483283
[LightGBM] [Info] Iteration:70, valid_1 ndcg@3 : 0.466338
[LightGBM] [Info] Iteration:70, valid_1 ndcg@5 : 0.471173
[LightGBM] [Info] Iteration:70, valid_1 ndcg@10 : 0.49128
[LightGBM] [Info] 107.423258 seconds elapsed, finished iteration 70
[LightGBM] [Info] Trained a tree with leaves=255 and max_depth=20
[LightGBM] [Info] Iteration:71, valid_1 ndcg@1 : 0.481375
[LightGBM] [Info] Iteration:71, valid_1 ndcg@3 : 0.46678
[LightGBM] [Info] Iteration:71, valid_1 ndcg@5 : 0.471327
[LightGBM] [Info] Iteration:71, valid_1 ndcg@10 : 0.49152
[LightGBM] [Info] 109.008139 seconds elapsed, finished iteration 71
[LightGBM] [Info] Trained a tree with leaves=255 and max_depth=20
[LightGBM] [Info] Iteration:72, valid_1 ndcg@1 : 0.482596
[LightGBM] [Info] Iteration:72, valid_1 ndcg@3 : 0.46742
[LightGBM] [Info] Iteration:72, valid_1 ndcg@5 : 0.471656
[LightGBM] [Info] Iteration:72, valid_1 ndcg@10 : 0.491806
[LightGBM] [Info] 110.550342 seconds elapsed, finished iteration 72
[LightGBM] [Info] Trained a tree with leaves=255 and max_depth=19
[LightGBM] [Info] Iteration:73, valid_1 ndcg@1 : 0.483055
[LightGBM] [Info] Iteration:73, valid_1 ndcg@3 : 0.467349
[LightGBM] [Info] Iteration:73, valid_1 ndcg@5 : 0.472115
[LightGBM] [Info] Iteration:73, valid_1 ndcg@10 : 0.491708
[LightGBM] [Info] 112.141178 seconds elapsed, finished iteration 73
[LightGBM] [Info] Trained a tree with leaves=255 and max_depth=20
[LightGBM] [Info] Iteration:74, valid_1 ndcg@1 : 0.483839
[LightGBM] [Info] Iteration:74, valid_1 ndcg@3 : 0.46802
[LightGBM] [Info] Iteration:74, valid_1 ndcg@5 : 0.472764
[LightGBM] [Info] Iteration:74, valid_1 ndcg@10 : 0.492182
[LightGBM] [Info] 113.707200 seconds elapsed, finished iteration 74
[LightGBM] [Info] Trained a tree with leaves=255 and max_depth=17
[LightGBM] [Info] Iteration:75, valid_1 ndcg@1 : 0.483959
[LightGBM] [Info] Iteration:75, valid_1 ndcg@3 : 0.46814
[LightGBM] [Info] Iteration:75, valid_1 ndcg@5 : 0.473023
[LightGBM] [Info] Iteration:75, valid_1 ndcg@10 : 0.4924
[LightGBM] [Info] 115.226237 seconds elapsed, finished iteration 75
[LightGBM] [Info] Trained a tree with leaves=255 and max_depth=17
[LightGBM] [Info] Iteration:76, valid_1 ndcg@1 : 0.483635
[LightGBM] [Info] Iteration:76, valid_1 ndcg@3 : 0.468391
[LightGBM] [Info] Iteration:76, valid_1 ndcg@5 : 0.472982
[LightGBM] [Info] Iteration:76, valid_1 ndcg@10 : 0.492654
[LightGBM] [Info] 116.782715 seconds elapsed, finished iteration 76
[LightGBM] [Info] Trained a tree with leaves=255 and max_depth=16
[LightGBM] [Info] Iteration:77, valid_1 ndcg@1 : 0.482411
[LightGBM] [Info] Iteration:77, valid_1 ndcg@3 : 0.468452
[LightGBM] [Info] Iteration:77, valid_1 ndcg@5 : 0.472984
[LightGBM] [Info] Iteration:77, valid_1 ndcg@10 : 0.492991
[LightGBM] [Info] 118.321376 seconds elapsed, finished iteration 77
[LightGBM] [Info] Trained a tree with leaves=255 and max_depth=18
[LightGBM] [Info] Iteration:78, valid_1 ndcg@1 : 0.484212
[LightGBM] [Info] Iteration:78, valid_1 ndcg@3 : 0.468699
[LightGBM] [Info] Iteration:78, valid_1 ndcg@5 : 0.473867
[LightGBM] [Info] Iteration:78, valid_1 ndcg@10 : 0.49339
[LightGBM] [Info] 119.843401 seconds elapsed, finished iteration 78
[LightGBM] [Info] Trained a tree with leaves=255 and max_depth=20
[LightGBM] [Info] Iteration:79, valid_1 ndcg@1 : 0.484604
[LightGBM] [Info] Iteration:79, valid_1 ndcg@3 : 0.468921
[LightGBM] [Info] Iteration:79, valid_1 ndcg@5 : 0.473974
[LightGBM] [Info] Iteration:79, valid_1 ndcg@10 : 0.493634
[LightGBM] [Info] 121.441881 seconds elapsed, finished iteration 79
[LightGBM] [Info] Trained a tree with leaves=255 and max_depth=19
[LightGBM] [Info] Iteration:80, valid_1 ndcg@1 : 0.484437
[LightGBM] [Info] Iteration:80, valid_1 ndcg@3 : 0.469116
[LightGBM] [Info] Iteration:80, valid_1 ndcg@5 : 0.473926
[LightGBM] [Info] Iteration:80, valid_1 ndcg@10 : 0.493684
[LightGBM] [Info] 123.056009 seconds elapsed, finished iteration 80
[LightGBM] [Info] Trained a tree with leaves=255 and max_depth=17
[LightGBM] [Info] Iteration:81, valid_1 ndcg@1 : 0.485586
[LightGBM] [Info] Iteration:81, valid_1 ndcg@3 : 0.469475
[LightGBM] [Info] Iteration:81, valid_1 ndcg@5 : 0.474053
[LightGBM] [Info] Iteration:81, valid_1 ndcg@10 : 0.49384
[LightGBM] [Info] 124.584341 seconds elapsed, finished iteration 81
[LightGBM] [Info] Trained a tree with leaves=255 and max_depth=22
[LightGBM] [Info] Iteration:82, valid_1 ndcg@1 : 0.485557
[LightGBM] [Info] Iteration:82, valid_1 ndcg@3 : 0.469219
[LightGBM] [Info] Iteration:82, valid_1 ndcg@5 : 0.474602
[LightGBM] [Info] Iteration:82, valid_1 ndcg@10 : 0.494199
[LightGBM] [Info] 126.208603 seconds elapsed, finished iteration 82
[LightGBM] [Info] Trained a tree with leaves=255 and max_depth=17
[LightGBM] [Info] Iteration:83, valid_1 ndcg@1 : 0.486734
[LightGBM] [Info] Iteration:83, valid_1 ndcg@3 : 0.46974
[LightGBM] [Info] Iteration:83, valid_1 ndcg@5 : 0.474831
[LightGBM] [Info] Iteration:83, valid_1 ndcg@10 : 0.494387
[LightGBM] [Info] 127.787921 seconds elapsed, finished iteration 83
[LightGBM] [Info] Trained a tree with leaves=255 and max_depth=21
[LightGBM] [Info] Iteration:84, valid_1 ndcg@1 : 0.48801
[LightGBM] [Info] Iteration:84, valid_1 ndcg@3 : 0.470927
[LightGBM] [Info] Iteration:84, valid_1 ndcg@5 : 0.475249
[LightGBM] [Info] Iteration:84, valid_1 ndcg@10 : 0.495064
[LightGBM] [Info] 129.421989 seconds elapsed, finished iteration 84
[LightGBM] [Info] Trained a tree with leaves=255 and max_depth=18
[LightGBM] [Info] Iteration:85, valid_1 ndcg@1 : 0.487972
[LightGBM] [Info] Iteration:85, valid_1 ndcg@3 : 0.470888
[LightGBM] [Info] Iteration:85, valid_1 ndcg@5 : 0.475759
[LightGBM] [Info] Iteration:85, valid_1 ndcg@10 : 0.495018
[LightGBM] [Info] 130.997647 seconds elapsed, finished iteration 85
[LightGBM] [Info] Trained a tree with leaves=255 and max_depth=25
[LightGBM] [Info] Iteration:86, valid_1 ndcg@1 : 0.486278
[LightGBM] [Info] Iteration:86, valid_1 ndcg@3 : 0.470482
[LightGBM] [Info] Iteration:86, valid_1 ndcg@5 : 0.475285
[LightGBM] [Info] Iteration:86, valid_1 ndcg@10 : 0.494699
[LightGBM] [Info] 132.784850 seconds elapsed, finished iteration 86
[LightGBM] [Info] Trained a tree with leaves=255 and max_depth=21
[LightGBM] [Info] Iteration:87, valid_1 ndcg@1 : 0.486918
[LightGBM] [Info] Iteration:87, valid_1 ndcg@3 : 0.471016
[LightGBM] [Info] Iteration:87, valid_1 ndcg@5 : 0.475464
[LightGBM] [Info] Iteration:87, valid_1 ndcg@10 : 0.495315
[LightGBM] [Info] 134.374410 seconds elapsed, finished iteration 87
[LightGBM] [Info] Trained a tree with leaves=255 and max_depth=17
[LightGBM] [Info] Iteration:88, valid_1 ndcg@1 : 0.487077
[LightGBM] [Info] Iteration:88, valid_1 ndcg@3 : 0.470794
[LightGBM] [Info] Iteration:88, valid_1 ndcg@5 : 0.475596
[LightGBM] [Info] Iteration:88, valid_1 ndcg@10 : 0.495311
[LightGBM] [Info] 135.980963 seconds elapsed, finished iteration 88
[LightGBM] [Info] Trained a tree with leaves=255 and max_depth=21
[LightGBM] [Info] Iteration:89, valid_1 ndcg@1 : 0.487185
[LightGBM] [Info] Iteration:89, valid_1 ndcg@3 : 0.470984
[LightGBM] [Info] Iteration:89, valid_1 ndcg@5 : 0.475953
[LightGBM] [Info] Iteration:89, valid_1 ndcg@10 : 0.495596
[LightGBM] [Info] 137.603204 seconds elapsed, finished iteration 89
[LightGBM] [Info] Trained a tree with leaves=255 and max_depth=17
[LightGBM] [Info] Iteration:90, valid_1 ndcg@1 : 0.487496
[LightGBM] [Info] Iteration:90, valid_1 ndcg@3 : 0.471046
[LightGBM] [Info] Iteration:90, valid_1 ndcg@5 : 0.4759
[LightGBM] [Info] Iteration:90, valid_1 ndcg@10 : 0.495662
[LightGBM] [Info] 139.206600 seconds elapsed, finished iteration 90
[LightGBM] [Info] Trained a tree with leaves=255 and max_depth=21
[LightGBM] [Info] Iteration:91, valid_1 ndcg@1 : 0.488508
[LightGBM] [Info] Iteration:91, valid_1 ndcg@3 : 0.47126
[LightGBM] [Info] Iteration:91, valid_1 ndcg@5 : 0.476369
[LightGBM] [Info] Iteration:91, valid_1 ndcg@10 : 0.495999
[LightGBM] [Info] 140.767549 seconds elapsed, finished iteration 91
[LightGBM] [Info] Trained a tree with leaves=255 and max_depth=21
[LightGBM] [Info] Iteration:92, valid_1 ndcg@1 : 0.487705
[LightGBM] [Info] Iteration:92, valid_1 ndcg@3 : 0.470865
[LightGBM] [Info] Iteration:92, valid_1 ndcg@5 : 0.475786
[LightGBM] [Info] Iteration:92, valid_1 ndcg@10 : 0.495781
[LightGBM] [Info] 142.334463 seconds elapsed, finished iteration 92
[LightGBM] [Info] Trained a tree with leaves=255 and max_depth=20
[LightGBM] [Info] Iteration:93, valid_1 ndcg@1 : 0.487419
[LightGBM] [Info] Iteration:93, valid_1 ndcg@3 : 0.470933
[LightGBM] [Info] Iteration:93, valid_1 ndcg@5 : 0.475673
[LightGBM] [Info] Iteration:93, valid_1 ndcg@10 : 0.495934
[LightGBM] [Info] 143.853384 seconds elapsed, finished iteration 93
[LightGBM] [Info] Trained a tree with leaves=255 and max_depth=21
[LightGBM] [Info] Iteration:94, valid_1 ndcg@1 : 0.487974
[LightGBM] [Info] Iteration:94, valid_1 ndcg@3 : 0.471186
[LightGBM] [Info] Iteration:94, valid_1 ndcg@5 : 0.476574
[LightGBM] [Info] Iteration:94, valid_1 ndcg@10 : 0.496347
[LightGBM] [Info] 145.536848 seconds elapsed, finished iteration 94
[LightGBM] [Info] Trained a tree with leaves=255 and max_depth=18
[LightGBM] [Info] Iteration:95, valid_1 ndcg@1 : 0.489744
[LightGBM] [Info] Iteration:95, valid_1 ndcg@3 : 0.472186
[LightGBM] [Info] Iteration:95, valid_1 ndcg@5 : 0.476605
[LightGBM] [Info] Iteration:95, valid_1 ndcg@10 : 0.496921
[LightGBM] [Info] 147.172652 seconds elapsed, finished iteration 95
[LightGBM] [Info] Trained a tree with leaves=255 and max_depth=25
[LightGBM] [Info] Iteration:96, valid_1 ndcg@1 : 0.489609
[LightGBM] [Info] Iteration:96, valid_1 ndcg@3 : 0.471829
[LightGBM] [Info] Iteration:96, valid_1 ndcg@5 : 0.476821
[LightGBM] [Info] Iteration:96, valid_1 ndcg@10 : 0.496745
[LightGBM] [Info] 148.779834 seconds elapsed, finished iteration 96
[LightGBM] [Info] Trained a tree with leaves=255 and max_depth=18
[LightGBM] [Info] Iteration:97, valid_1 ndcg@1 : 0.48854
[LightGBM] [Info] Iteration:97, valid_1 ndcg@3 : 0.471825
[LightGBM] [Info] Iteration:97, valid_1 ndcg@5 : 0.477061
[LightGBM] [Info] Iteration:97, valid_1 ndcg@10 : 0.496822
[LightGBM] [Info] 150.327189 seconds elapsed, finished iteration 97
[LightGBM] [Info] Trained a tree with leaves=255 and max_depth=17
[LightGBM] [Info] Iteration:98, valid_1 ndcg@1 : 0.489759
[LightGBM] [Info] Iteration:98, valid_1 ndcg@3 : 0.472496
[LightGBM] [Info] Iteration:98, valid_1 ndcg@5 : 0.477399
[LightGBM] [Info] Iteration:98, valid_1 ndcg@10 : 0.497313
[LightGBM] [Info] 151.881721 seconds elapsed, finished iteration 98
[LightGBM] [Info] Trained a tree with leaves=255 and max_depth=20
[LightGBM] [Info] Iteration:99, valid_1 ndcg@1 : 0.490801
[LightGBM] [Info] Iteration:99, valid_1 ndcg@3 : 0.473251
[LightGBM] [Info] Iteration:99, valid_1 ndcg@5 : 0.47784
[LightGBM] [Info] Iteration:99, valid_1 ndcg@10 : 0.497597
[LightGBM] [Info] 153.572546 seconds elapsed, finished iteration 99
[LightGBM] [Info] Trained a tree with leaves=255 and max_depth=25
[LightGBM] [Info] Iteration:100, valid_1 ndcg@1 : 0.491912
[LightGBM] [Info] Iteration:100, valid_1 ndcg@3 : 0.473358
[LightGBM] [Info] Iteration:100, valid_1 ndcg@5 : 0.478022
[LightGBM] [Info] Iteration:100, valid_1 ndcg@10 : 0.497712
[LightGBM] [Info] 155.200525 seconds elapsed, finished iteration 100
[LightGBM] [Info] Finished training
