[LightGBM] [Info] Finished loading parameters
[LightGBM] [Info] Loading query boundaries...
[LightGBM] [Info] Loading query boundaries...
[LightGBM] [Info] Finished loading data in 21.884038 seconds
[LightGBM] [Info] Total Bins 7380
[LightGBM] [Info] Number of data: 2270296, number of used features: 136
[LightGBM] [Info] Finished initializing training
[LightGBM] [Info] Started training...
[LightGBM] [Info] Trained a tree with leaves=255 and max_depth=19
[LightGBM] [Info] Iteration:1, valid_1 ndcg@1 : 0.405449
[LightGBM] [Info] Iteration:1, valid_1 ndcg@5 : 0.416425
[LightGBM] [Info] Iteration:1, valid_1 ndcg@10 : 0.439341
[LightGBM] [Info] 3.542497 seconds elapsed, finished iteration 1
[LightGBM] [Info] Trained a tree with leaves=255 and max_depth=16
[LightGBM] [Info] Iteration:2, valid_1 ndcg@1 : 0.431589
[LightGBM] [Info] Iteration:2, valid_1 ndcg@5 : 0.433237
[LightGBM] [Info] Iteration:2, valid_1 ndcg@10 : 0.454493
[LightGBM] [Info] 7.018310 seconds elapsed, finished iteration 2
[LightGBM] [Info] Trained a tree with leaves=255 and max_depth=17
[LightGBM] [Info] Iteration:3, valid_1 ndcg@1 : 0.445262
[LightGBM] [Info] Iteration:3, valid_1 ndcg@5 : 0.442176
[LightGBM] [Info] Iteration:3, valid_1 ndcg@10 : 0.461456
[LightGBM] [Info] 10.513906 seconds elapsed, finished iteration 3
[LightGBM] [Info] Trained a tree with leaves=255 and max_depth=17
[LightGBM] [Info] Iteration:4, valid_1 ndcg@1 : 0.455022
[LightGBM] [Info] Iteration:4, valid_1 ndcg@5 : 0.446774
[LightGBM] [Info] Iteration:4, valid_1 ndcg@10 : 0.463915
[LightGBM] [Info] 13.916007 seconds elapsed, finished iteration 4
[LightGBM] [Info] Trained a tree with leaves=255 and max_depth=16
[LightGBM] [Info] Iteration:5, valid_1 ndcg@1 : 0.452106
[LightGBM] [Info] Iteration:5, valid_1 ndcg@5 : 0.447231
[LightGBM] [Info] Iteration:5, valid_1 ndcg@10 : 0.465177
[LightGBM] [Info] 17.520481 seconds elapsed, finished iteration 5
[LightGBM] [Info] Trained a tree with leaves=255 and max_depth=17
[LightGBM] [Info] Iteration:6, valid_1 ndcg@1 : 0.457474
[LightGBM] [Info] Iteration:6, valid_1 ndcg@5 : 0.449992
[LightGBM] [Info] Iteration:6, valid_1 ndcg@10 : 0.467401
[LightGBM] [Info] 21.017788 seconds elapsed, finished iteration 6
[LightGBM] [Info] Trained a tree with leaves=255 and max_depth=16
[LightGBM] [Info] Iteration:7, valid_1 ndcg@1 : 0.458816
[LightGBM] [Info] Iteration:7, valid_1 ndcg@5 : 0.452225
[LightGBM] [Info] Iteration:7, valid_1 ndcg@10 : 0.469909
[LightGBM] [Info] 24.596255 seconds elapsed, finished iteration 7
[LightGBM] [Info] Trained a tree with leaves=255 and max_depth=16
[LightGBM] [Info] Iteration:8, valid_1 ndcg@1 : 0.462409
[LightGBM] [Info] Iteration:8, valid_1 ndcg@5 : 0.454303
[LightGBM] [Info] Iteration:8, valid_1 ndcg@10 : 0.471843
[LightGBM] [Info] 28.084572 seconds elapsed, finished iteration 8
[LightGBM] [Info] Trained a tree with leaves=255 and max_depth=15
[LightGBM] [Info] Iteration:9, valid_1 ndcg@1 : 0.463024
[LightGBM] [Info] Iteration:9, valid_1 ndcg@5 : 0.456671
[LightGBM] [Info] Iteration:9, valid_1 ndcg@10 : 0.47375
[LightGBM] [Info] 31.505838 seconds elapsed, finished iteration 9
[LightGBM] [Info] Trained a tree with leaves=255 and max_depth=16
[LightGBM] [Info] Iteration:10, valid_1 ndcg@1 : 0.4658
[LightGBM] [Info] Iteration:10, valid_1 ndcg@5 : 0.45851
[LightGBM] [Info] Iteration:10, valid_1 ndcg@10 : 0.47604
[LightGBM] [Info] 34.958458 seconds elapsed, finished iteration 10
[LightGBM] [Info] Trained a tree with leaves=255 and max_depth=14
[LightGBM] [Info] Iteration:11, valid_1 ndcg@1 : 0.467449
[LightGBM] [Info] Iteration:11, valid_1 ndcg@5 : 0.459605
[LightGBM] [Info] Iteration:11, valid_1 ndcg@10 : 0.477171
[LightGBM] [Info] 38.462924 seconds elapsed, finished iteration 11
[LightGBM] [Info] Trained a tree with leaves=255 and max_depth=17
[LightGBM] [Info] Iteration:12, valid_1 ndcg@1 : 0.469228
[LightGBM] [Info] Iteration:12, valid_1 ndcg@5 : 0.461044
[LightGBM] [Info] Iteration:12, valid_1 ndcg@10 : 0.478957
[LightGBM] [Info] 41.961902 seconds elapsed, finished iteration 12
[LightGBM] [Info] Trained a tree with leaves=255 and max_depth=17
[LightGBM] [Info] Iteration:13, valid_1 ndcg@1 : 0.471995
[LightGBM] [Info] Iteration:13, valid_1 ndcg@5 : 0.462581
[LightGBM] [Info] Iteration:13, valid_1 ndcg@10 : 0.480578
[LightGBM] [Info] 45.438572 seconds elapsed, finished iteration 13
[LightGBM] [Info] Trained a tree with leaves=255 and max_depth=17
[LightGBM] [Info] Iteration:14, valid_1 ndcg@1 : 0.47104
[LightGBM] [Info] Iteration:14, valid_1 ndcg@5 : 0.462955
[LightGBM] [Info] Iteration:14, valid_1 ndcg@10 : 0.481247
[LightGBM] [Info] 48.995234 seconds elapsed, finished iteration 14
[LightGBM] [Info] Trained a tree with leaves=255 and max_depth=17
[LightGBM] [Info] Iteration:15, valid_1 ndcg@1 : 0.475944
[LightGBM] [Info] Iteration:15, valid_1 ndcg@5 : 0.464843
[LightGBM] [Info] Iteration:15, valid_1 ndcg@10 : 0.482773
[LightGBM] [Info] 52.502318 seconds elapsed, finished iteration 15
[LightGBM] [Info] Trained a tree with leaves=255 and max_depth=17
[LightGBM] [Info] Iteration:16, valid_1 ndcg@1 : 0.475139
[LightGBM] [Info] Iteration:16, valid_1 ndcg@5 : 0.464957
[LightGBM] [Info] Iteration:16, valid_1 ndcg@10 : 0.483258
[LightGBM] [Info] 56.112479 seconds elapsed, finished iteration 16
[LightGBM] [Info] Trained a tree with leaves=255 and max_depth=15
[LightGBM] [Info] Iteration:17, valid_1 ndcg@1 : 0.477776
[LightGBM] [Info] Iteration:17, valid_1 ndcg@5 : 0.466229
[LightGBM] [Info] Iteration:17, valid_1 ndcg@10 : 0.484077
[LightGBM] [Info] 59.651822 seconds elapsed, finished iteration 17
[LightGBM] [Info] Trained a tree with leaves=255 and max_depth=17
[LightGBM] [Info] Iteration:18, valid_1 ndcg@1 : 0.47652
[LightGBM] [Info] Iteration:18, valid_1 ndcg@5 : 0.466269
[LightGBM] [Info] Iteration:18, valid_1 ndcg@10 : 0.484202
[LightGBM] [Info] 63.154131 seconds elapsed, finished iteration 18
[LightGBM] [Info] Trained a tree with leaves=255 and max_depth=16
[LightGBM] [Info] Iteration:19, valid_1 ndcg@1 : 0.47685
[LightGBM] [Info] Iteration:19, valid_1 ndcg@5 : 0.466567
[LightGBM] [Info] Iteration:19, valid_1 ndcg@10 : 0.484889
[LightGBM] [Info] 66.487394 seconds elapsed, finished iteration 19
[LightGBM] [Info] Trained a tree with leaves=255 and max_depth=16
[LightGBM] [Info] Iteration:20, valid_1 ndcg@1 : 0.477316
[LightGBM] [Info] Iteration:20, valid_1 ndcg@5 : 0.467075
[LightGBM] [Info] Iteration:20, valid_1 ndcg@10 : 0.485652
[LightGBM] [Info] 69.954810 seconds elapsed, finished iteration 20
[LightGBM] [Info] Trained a tree with leaves=255 and max_depth=15
[LightGBM] [Info] Iteration:21, valid_1 ndcg@1 : 0.480166
[LightGBM] [Info] Iteration:21, valid_1 ndcg@5 : 0.468077
[LightGBM] [Info] Iteration:21, valid_1 ndcg@10 : 0.486729
[LightGBM] [Info] 73.423225 seconds elapsed, finished iteration 21
[LightGBM] [Info] Trained a tree with leaves=255 and max_depth=16
[LightGBM] [Info] Iteration:22, valid_1 ndcg@1 : 0.479338
[LightGBM] [Info] Iteration:22, valid_1 ndcg@5 : 0.468755
[LightGBM] [Info] Iteration:22, valid_1 ndcg@10 : 0.486951
[LightGBM] [Info] 76.909727 seconds elapsed, finished iteration 22
[LightGBM] [Info] Trained a tree with leaves=255 and max_depth=17
[LightGBM] [Info] Iteration:23, valid_1 ndcg@1 : 0.479866
[LightGBM] [Info] Iteration:23, valid_1 ndcg@5 : 0.46917
[LightGBM] [Info] Iteration:23, valid_1 ndcg@10 : 0.487541
[LightGBM] [Info] 80.367256 seconds elapsed, finished iteration 23
[LightGBM] [Info] Trained a tree with leaves=255 and max_depth=17
[LightGBM] [Info] Iteration:24, valid_1 ndcg@1 : 0.479717
[LightGBM] [Info] Iteration:24, valid_1 ndcg@5 : 0.470231
[LightGBM] [Info] Iteration:24, valid_1 ndcg@10 : 0.48827
[LightGBM] [Info] 83.741156 seconds elapsed, finished iteration 24
[LightGBM] [Info] Trained a tree with leaves=255 and max_depth=17
[LightGBM] [Info] Iteration:25, valid_1 ndcg@1 : 0.480323
[LightGBM] [Info] Iteration:25, valid_1 ndcg@5 : 0.470795
[LightGBM] [Info] Iteration:25, valid_1 ndcg@10 : 0.489378
[LightGBM] [Info] 87.124365 seconds elapsed, finished iteration 25
[LightGBM] [Info] Trained a tree with leaves=255 and max_depth=15
[LightGBM] [Info] Iteration:26, valid_1 ndcg@1 : 0.481846
[LightGBM] [Info] Iteration:26, valid_1 ndcg@5 : 0.47117
[LightGBM] [Info] Iteration:26, valid_1 ndcg@10 : 0.490116
[LightGBM] [Info] 90.464947 seconds elapsed, finished iteration 26
[LightGBM] [Info] Trained a tree with leaves=255 and max_depth=16
[LightGBM] [Info] Iteration:27, valid_1 ndcg@1 : 0.482884
[LightGBM] [Info] Iteration:27, valid_1 ndcg@5 : 0.472003
[LightGBM] [Info] Iteration:27, valid_1 ndcg@10 : 0.490709
[LightGBM] [Info] 93.974768 seconds elapsed, finished iteration 27
[LightGBM] [Info] Trained a tree with leaves=255 and max_depth=17
[LightGBM] [Info] Iteration:28, valid_1 ndcg@1 : 0.483814
[LightGBM] [Info] Iteration:28, valid_1 ndcg@5 : 0.472908
[LightGBM] [Info] Iteration:28, valid_1 ndcg@10 : 0.491343
[LightGBM] [Info] 97.316415 seconds elapsed, finished iteration 28
[LightGBM] [Info] Trained a tree with leaves=255 and max_depth=17
[LightGBM] [Info] Iteration:29, valid_1 ndcg@1 : 0.483816
[LightGBM] [Info] Iteration:29, valid_1 ndcg@5 : 0.472507
[LightGBM] [Info] Iteration:29, valid_1 ndcg@10 : 0.491734
[LightGBM] [Info] 100.755352 seconds elapsed, finished iteration 29
[LightGBM] [Info] Trained a tree with leaves=255 and max_depth=16
[LightGBM] [Info] Iteration:30, valid_1 ndcg@1 : 0.484849
[LightGBM] [Info] Iteration:30, valid_1 ndcg@5 : 0.473349
[LightGBM] [Info] Iteration:30, valid_1 ndcg@10 : 0.492604
[LightGBM] [Info] 104.058057 seconds elapsed, finished iteration 30
[LightGBM] [Info] Trained a tree with leaves=255 and max_depth=17
[LightGBM] [Info] Iteration:31, valid_1 ndcg@1 : 0.484277
[LightGBM] [Info] Iteration:31, valid_1 ndcg@5 : 0.474283
[LightGBM] [Info] Iteration:31, valid_1 ndcg@10 : 0.493063
[LightGBM] [Info] 107.454533 seconds elapsed, finished iteration 31
[LightGBM] [Info] Trained a tree with leaves=255 and max_depth=15
[LightGBM] [Info] Iteration:32, valid_1 ndcg@1 : 0.485802
[LightGBM] [Info] Iteration:32, valid_1 ndcg@5 : 0.474872
[LightGBM] [Info] Iteration:32, valid_1 ndcg@10 : 0.493884
[LightGBM] [Info] 110.925704 seconds elapsed, finished iteration 32
[LightGBM] [Info] Trained a tree with leaves=255 and max_depth=16
[LightGBM] [Info] Iteration:33, valid_1 ndcg@1 : 0.484955
[LightGBM] [Info] Iteration:33, valid_1 ndcg@5 : 0.47474
[LightGBM] [Info] Iteration:33, valid_1 ndcg@10 : 0.494327
[LightGBM] [Info] 114.241035 seconds elapsed, finished iteration 33
[LightGBM] [Info] Trained a tree with leaves=255 and max_depth=16
[LightGBM] [Info] Iteration:34, valid_1 ndcg@1 : 0.485522
[LightGBM] [Info] Iteration:34, valid_1 ndcg@5 : 0.475168
[LightGBM] [Info] Iteration:34, valid_1 ndcg@10 : 0.494796
[LightGBM] [Info] 117.653850 seconds elapsed, finished iteration 34
[LightGBM] [Info] Trained a tree with leaves=255 and max_depth=17
[LightGBM] [Info] Iteration:35, valid_1 ndcg@1 : 0.48838
[LightGBM] [Info] Iteration:35, valid_1 ndcg@5 : 0.476137
[LightGBM] [Info] Iteration:35, valid_1 ndcg@10 : 0.495585
[LightGBM] [Info] 121.043565 seconds elapsed, finished iteration 35
[LightGBM] [Info] Trained a tree with leaves=255 and max_depth=17
[LightGBM] [Info] Iteration:36, valid_1 ndcg@1 : 0.489889
[LightGBM] [Info] Iteration:36, valid_1 ndcg@5 : 0.476658
[LightGBM] [Info] Iteration:36, valid_1 ndcg@10 : 0.496164
[LightGBM] [Info] 124.419812 seconds elapsed, finished iteration 36
[LightGBM] [Info] Trained a tree with leaves=255 and max_depth=17
[LightGBM] [Info] Iteration:37, valid_1 ndcg@1 : 0.489774
[LightGBM] [Info] Iteration:37, valid_1 ndcg@5 : 0.477108
[LightGBM] [Info] Iteration:37, valid_1 ndcg@10 : 0.496554
[LightGBM] [Info] 127.761881 seconds elapsed, finished iteration 37
[LightGBM] [Info] Trained a tree with leaves=255 and max_depth=15
[LightGBM] [Info] Iteration:38, valid_1 ndcg@1 : 0.490132
[LightGBM] [Info] Iteration:38, valid_1 ndcg@5 : 0.478028
[LightGBM] [Info] Iteration:38, valid_1 ndcg@10 : 0.497099
[LightGBM] [Info] 131.184239 seconds elapsed, finished iteration 38
[LightGBM] [Info] Trained a tree with leaves=255 and max_depth=18
[LightGBM] [Info] Iteration:39, valid_1 ndcg@1 : 0.491479
[LightGBM] [Info] Iteration:39, valid_1 ndcg@5 : 0.478483
[LightGBM] [Info] Iteration:39, valid_1 ndcg@10 : 0.497648
[LightGBM] [Info] 134.551854 seconds elapsed, finished iteration 39
[LightGBM] [Info] Trained a tree with leaves=255 and max_depth=16
[LightGBM] [Info] Iteration:40, valid_1 ndcg@1 : 0.4919
[LightGBM] [Info] Iteration:40, valid_1 ndcg@5 : 0.478713
[LightGBM] [Info] Iteration:40, valid_1 ndcg@10 : 0.498297
[LightGBM] [Info] 137.929128 seconds elapsed, finished iteration 40
[LightGBM] [Info] Trained a tree with leaves=255 and max_depth=15
[LightGBM] [Info] Iteration:41, valid_1 ndcg@1 : 0.491766
[LightGBM] [Info] Iteration:41, valid_1 ndcg@5 : 0.479736
[LightGBM] [Info] Iteration:41, valid_1 ndcg@10 : 0.498507
[LightGBM] [Info] 141.292126 seconds elapsed, finished iteration 41
[LightGBM] [Info] Trained a tree with leaves=255 and max_depth=18
[LightGBM] [Info] Iteration:42, valid_1 ndcg@1 : 0.492692
[LightGBM] [Info] Iteration:42, valid_1 ndcg@5 : 0.480418
[LightGBM] [Info] Iteration:42, valid_1 ndcg@10 : 0.499033
[LightGBM] [Info] 144.712411 seconds elapsed, finished iteration 42
[LightGBM] [Info] Trained a tree with leaves=255 and max_depth=15
[LightGBM] [Info] Iteration:43, valid_1 ndcg@1 : 0.492932
[LightGBM] [Info] Iteration:43, valid_1 ndcg@5 : 0.480731
[LightGBM] [Info] Iteration:43, valid_1 ndcg@10 : 0.499406
[LightGBM] [Info] 148.079663 seconds elapsed, finished iteration 43
[LightGBM] [Info] Trained a tree with leaves=255 and max_depth=19
[LightGBM] [Info] Iteration:44, valid_1 ndcg@1 : 0.493889
[LightGBM] [Info] Iteration:44, valid_1 ndcg@5 : 0.481533
[LightGBM] [Info] Iteration:44, valid_1 ndcg@10 : 0.500079
[LightGBM] [Info] 151.522802 seconds elapsed, finished iteration 44
[LightGBM] [Info] Trained a tree with leaves=255 and max_depth=17
[LightGBM] [Info] Iteration:45, valid_1 ndcg@1 : 0.494922
[LightGBM] [Info] Iteration:45, valid_1 ndcg@5 : 0.481868
[LightGBM] [Info] Iteration:45, valid_1 ndcg@10 : 0.500438
[LightGBM] [Info] 155.087253 seconds elapsed, finished iteration 45
[LightGBM] [Info] Trained a tree with leaves=255 and max_depth=17
[LightGBM] [Info] Iteration:46, valid_1 ndcg@1 : 0.494626
[LightGBM] [Info] Iteration:46, valid_1 ndcg@5 : 0.482272
[LightGBM] [Info] Iteration:46, valid_1 ndcg@10 : 0.500534
[LightGBM] [Info] 158.547262 seconds elapsed, finished iteration 46
[LightGBM] [Info] Trained a tree with leaves=255 and max_depth=19
[LightGBM] [Info] Iteration:47, valid_1 ndcg@1 : 0.494596
[LightGBM] [Info] Iteration:47, valid_1 ndcg@5 : 0.482648
[LightGBM] [Info] Iteration:47, valid_1 ndcg@10 : 0.500789
[LightGBM] [Info] 162.098491 seconds elapsed, finished iteration 47
[LightGBM] [Info] Trained a tree with leaves=255 and max_depth=18
[LightGBM] [Info] Iteration:48, valid_1 ndcg@1 : 0.495592
[LightGBM] [Info] Iteration:48, valid_1 ndcg@5 : 0.483126
[LightGBM] [Info] Iteration:48, valid_1 ndcg@10 : 0.501239
[LightGBM] [Info] 165.441897 seconds elapsed, finished iteration 48
[LightGBM] [Info] Trained a tree with leaves=255 and max_depth=17
[LightGBM] [Info] Iteration:49, valid_1 ndcg@1 : 0.496196
[LightGBM] [Info] Iteration:49, valid_1 ndcg@5 : 0.483812
[LightGBM] [Info] Iteration:49, valid_1 ndcg@10 : 0.502014
[LightGBM] [Info] 168.734921 seconds elapsed, finished iteration 49
[LightGBM] [Info] Trained a tree with leaves=255 and max_depth=16
[LightGBM] [Info] Iteration:50, valid_1 ndcg@1 : 0.496153
[LightGBM] [Info] Iteration:50, valid_1 ndcg@5 : 0.483728
[LightGBM] [Info] Iteration:50, valid_1 ndcg@10 : 0.502253
[LightGBM] [Info] 172.096406 seconds elapsed, finished iteration 50
[LightGBM] [Info] Trained a tree with leaves=255 and max_depth=20
[LightGBM] [Info] Iteration:51, valid_1 ndcg@1 : 0.495496
[LightGBM] [Info] Iteration:51, valid_1 ndcg@5 : 0.483747
[LightGBM] [Info] Iteration:51, valid_1 ndcg@10 : 0.502554
[LightGBM] [Info] 175.439608 seconds elapsed, finished iteration 51
[LightGBM] [Info] Trained a tree with leaves=255 and max_depth=19
[LightGBM] [Info] Iteration:52, valid_1 ndcg@1 : 0.496467
[LightGBM] [Info] Iteration:52, valid_1 ndcg@5 : 0.484458
[LightGBM] [Info] Iteration:52, valid_1 ndcg@10 : 0.502816
[LightGBM] [Info] 178.731592 seconds elapsed, finished iteration 52
[LightGBM] [Info] Trained a tree with leaves=255 and max_depth=18
[LightGBM] [Info] Iteration:53, valid_1 ndcg@1 : 0.497161
[LightGBM] [Info] Iteration:53, valid_1 ndcg@5 : 0.484747
[LightGBM] [Info] Iteration:53, valid_1 ndcg@10 : 0.50335
[LightGBM] [Info] 182.013368 seconds elapsed, finished iteration 53
[LightGBM] [Info] Trained a tree with leaves=255 and max_depth=21
[LightGBM] [Info] Iteration:54, valid_1 ndcg@1 : 0.498343
[LightGBM] [Info] Iteration:54, valid_1 ndcg@5 : 0.485187
[LightGBM] [Info] Iteration:54, valid_1 ndcg@10 : 0.503711
[LightGBM] [Info] 185.365345 seconds elapsed, finished iteration 54
[LightGBM] [Info] Trained a tree with leaves=255 and max_depth=21
[LightGBM] [Info] Iteration:55, valid_1 ndcg@1 : 0.497973
[LightGBM] [Info] Iteration:55, valid_1 ndcg@5 : 0.485895
[LightGBM] [Info] Iteration:55, valid_1 ndcg@10 : 0.504552
[LightGBM] [Info] 188.593552 seconds elapsed, finished iteration 55
[LightGBM] [Info] Trained a tree with leaves=255 and max_depth=18
[LightGBM] [Info] Iteration:56, valid_1 ndcg@1 : 0.497961
[LightGBM] [Info] Iteration:56, valid_1 ndcg@5 : 0.486218
[LightGBM] [Info] Iteration:56, valid_1 ndcg@10 : 0.504629
[LightGBM] [Info] 191.933208 seconds elapsed, finished iteration 56
[LightGBM] [Info] Trained a tree with leaves=255 and max_depth=16
[LightGBM] [Info] Iteration:57, valid_1 ndcg@1 : 0.499059
[LightGBM] [Info] Iteration:57, valid_1 ndcg@5 : 0.486599
[LightGBM] [Info] Iteration:57, valid_1 ndcg@10 : 0.50529
[LightGBM] [Info] 195.295807 seconds elapsed, finished iteration 57
[LightGBM] [Info] Trained a tree with leaves=255 and max_depth=20
[LightGBM] [Info] Iteration:58, valid_1 ndcg@1 : 0.500085
[LightGBM] [Info] Iteration:58, valid_1 ndcg@5 : 0.487312
[LightGBM] [Info] Iteration:58, valid_1 ndcg@10 : 0.50552
[LightGBM] [Info] 198.514020 seconds elapsed, finished iteration 58
[LightGBM] [Info] Trained a tree with leaves=255 and max_depth=17
[LightGBM] [Info] Iteration:59, valid_1 ndcg@1 : 0.499965
[LightGBM] [Info] Iteration:59, valid_1 ndcg@5 : 0.487642
[LightGBM] [Info] Iteration:59, valid_1 ndcg@10 : 0.505955
[LightGBM] [Info] 201.839639 seconds elapsed, finished iteration 59
[LightGBM] [Info] Trained a tree with leaves=255 and max_depth=16
[LightGBM] [Info] Iteration:60, valid_1 ndcg@1 : 0.500199
[LightGBM] [Info] Iteration:60, valid_1 ndcg@5 : 0.487993
[LightGBM] [Info] Iteration:60, valid_1 ndcg@10 : 0.506176
[LightGBM] [Info] 205.105986 seconds elapsed, finished iteration 60
[LightGBM] [Info] Trained a tree with leaves=255 and max_depth=21
[LightGBM] [Info] Iteration:61, valid_1 ndcg@1 : 0.500772
[LightGBM] [Info] Iteration:61, valid_1 ndcg@5 : 0.487996
[LightGBM] [Info] Iteration:61, valid_1 ndcg@10 : 0.506447
[LightGBM] [Info] 208.310785 seconds elapsed, finished iteration 61
[LightGBM] [Info] Trained a tree with leaves=255 and max_depth=17
[LightGBM] [Info] Iteration:62, valid_1 ndcg@1 : 0.501367
[LightGBM] [Info] Iteration:62, valid_1 ndcg@5 : 0.48879
[LightGBM] [Info] Iteration:62, valid_1 ndcg@10 : 0.506928
[LightGBM] [Info] 211.615811 seconds elapsed, finished iteration 62
[LightGBM] [Info] Trained a tree with leaves=255 and max_depth=17
[LightGBM] [Info] Iteration:63, valid_1 ndcg@1 : 0.501852
[LightGBM] [Info] Iteration:63, valid_1 ndcg@5 : 0.489199
[LightGBM] [Info] Iteration:63, valid_1 ndcg@10 : 0.507092
[LightGBM] [Info] 214.848357 seconds elapsed, finished iteration 63
[LightGBM] [Info] Trained a tree with leaves=255 and max_depth=18
[LightGBM] [Info] Iteration:64, valid_1 ndcg@1 : 0.501518
[LightGBM] [Info] Iteration:64, valid_1 ndcg@5 : 0.489561
[LightGBM] [Info] Iteration:64, valid_1 ndcg@10 : 0.506805
[LightGBM] [Info] 218.130724 seconds elapsed, finished iteration 64
[LightGBM] [Info] Trained a tree with leaves=255 and max_depth=18
[LightGBM] [Info] Iteration:65, valid_1 ndcg@1 : 0.500927
[LightGBM] [Info] Iteration:65, valid_1 ndcg@5 : 0.489452
[LightGBM] [Info] Iteration:65, valid_1 ndcg@10 : 0.507091
[LightGBM] [Info] 221.334104 seconds elapsed, finished iteration 65
[LightGBM] [Info] Trained a tree with leaves=255 and max_depth=17
[LightGBM] [Info] Iteration:66, valid_1 ndcg@1 : 0.501947
[LightGBM] [Info] Iteration:66, valid_1 ndcg@5 : 0.489721
[LightGBM] [Info] Iteration:66, valid_1 ndcg@10 : 0.507676
[LightGBM] [Info] 224.592160 seconds elapsed, finished iteration 66
[LightGBM] [Info] Trained a tree with leaves=255 and max_depth=18
[LightGBM] [Info] Iteration:67, valid_1 ndcg@1 : 0.502045
[LightGBM] [Info] Iteration:67, valid_1 ndcg@5 : 0.489755
[LightGBM] [Info] Iteration:67, valid_1 ndcg@10 : 0.507818
[LightGBM] [Info] 227.861188 seconds elapsed, finished iteration 67
[LightGBM] [Info] Trained a tree with leaves=255 and max_depth=20
[LightGBM] [Info] Iteration:68, valid_1 ndcg@1 : 0.503939
[LightGBM] [Info] Iteration:68, valid_1 ndcg@5 : 0.490265
[LightGBM] [Info] Iteration:68, valid_1 ndcg@10 : 0.508216
[LightGBM] [Info] 231.444500 seconds elapsed, finished iteration 68
[LightGBM] [Info] Trained a tree with leaves=255 and max_depth=19
[LightGBM] [Info] Iteration:69, valid_1 ndcg@1 : 0.504623
[LightGBM] [Info] Iteration:69, valid_1 ndcg@5 : 0.490723
[LightGBM] [Info] Iteration:69, valid_1 ndcg@10 : 0.508705
[LightGBM] [Info] 234.747151 seconds elapsed, finished iteration 69
[LightGBM] [Info] Trained a tree with leaves=255 and max_depth=18
[LightGBM] [Info] Iteration:70, valid_1 ndcg@1 : 0.505204
[LightGBM] [Info] Iteration:70, valid_1 ndcg@5 : 0.491007
[LightGBM] [Info] Iteration:70, valid_1 ndcg@10 : 0.509053
[LightGBM] [Info] 237.909430 seconds elapsed, finished iteration 70
[LightGBM] [Info] Trained a tree with leaves=255 and max_depth=19
[LightGBM] [Info] Iteration:71, valid_1 ndcg@1 : 0.506965
[LightGBM] [Info] Iteration:71, valid_1 ndcg@5 : 0.491652
[LightGBM] [Info] Iteration:71, valid_1 ndcg@10 : 0.509328
[LightGBM] [Info] 241.602527 seconds elapsed, finished iteration 71
[LightGBM] [Info] Trained a tree with leaves=255 and max_depth=17
[LightGBM] [Info] Iteration:72, valid_1 ndcg@1 : 0.505449
[LightGBM] [Info] Iteration:72, valid_1 ndcg@5 : 0.491435
[LightGBM] [Info] Iteration:72, valid_1 ndcg@10 : 0.509233
[LightGBM] [Info] 244.773741 seconds elapsed, finished iteration 72
[LightGBM] [Info] Trained a tree with leaves=255 and max_depth=20
[LightGBM] [Info] Iteration:73, valid_1 ndcg@1 : 0.506524
[LightGBM] [Info] Iteration:73, valid_1 ndcg@5 : 0.491684
[LightGBM] [Info] Iteration:73, valid_1 ndcg@10 : 0.509563
[LightGBM] [Info] 247.981479 seconds elapsed, finished iteration 73
[LightGBM] [Info] Trained a tree with leaves=255 and max_depth=17
[LightGBM] [Info] Iteration:74, valid_1 ndcg@1 : 0.506644
[LightGBM] [Info] Iteration:74, valid_1 ndcg@5 : 0.492184
[LightGBM] [Info] Iteration:74, valid_1 ndcg@10 : 0.509968
[LightGBM] [Info] 251.163946 seconds elapsed, finished iteration 74
[LightGBM] [Info] Trained a tree with leaves=255 and max_depth=19
[LightGBM] [Info] Iteration:75, valid_1 ndcg@1 : 0.506789
[LightGBM] [Info] Iteration:75, valid_1 ndcg@5 : 0.492299
[LightGBM] [Info] Iteration:75, valid_1 ndcg@10 : 0.510147
[LightGBM] [Info] 254.363548 seconds elapsed, finished iteration 75
[LightGBM] [Info] Trained a tree with leaves=255 and max_depth=18
[LightGBM] [Info] Iteration:76, valid_1 ndcg@1 : 0.507012
[LightGBM] [Info] Iteration:76, valid_1 ndcg@5 : 0.492535
[LightGBM] [Info] Iteration:76, valid_1 ndcg@10 : 0.510415
[LightGBM] [Info] 257.543914 seconds elapsed, finished iteration 76
[LightGBM] [Info] Trained a tree with leaves=255 and max_depth=23
[LightGBM] [Info] Iteration:77, valid_1 ndcg@1 : 0.508734
[LightGBM] [Info] Iteration:77, valid_1 ndcg@5 : 0.49288
[LightGBM] [Info] Iteration:77, valid_1 ndcg@10 : 0.511014
[LightGBM] [Info] 260.674517 seconds elapsed, finished iteration 77
[LightGBM] [Info] Trained a tree with leaves=255 and max_depth=22
[LightGBM] [Info] Iteration:78, valid_1 ndcg@1 : 0.507571
[LightGBM] [Info] Iteration:78, valid_1 ndcg@5 : 0.493191
[LightGBM] [Info] Iteration:78, valid_1 ndcg@10 : 0.511419
[LightGBM] [Info] 263.971425 seconds elapsed, finished iteration 78
[LightGBM] [Info] Trained a tree with leaves=255 and max_depth=18
[LightGBM] [Info] Iteration:79, valid_1 ndcg@1 : 0.509039
[LightGBM] [Info] Iteration:79, valid_1 ndcg@5 : 0.493565
[LightGBM] [Info] Iteration:79, valid_1 ndcg@10 : 0.511566
[LightGBM] [Info] 267.188114 seconds elapsed, finished iteration 79
[LightGBM] [Info] Trained a tree with leaves=255 and max_depth=19
[LightGBM] [Info] Iteration:80, valid_1 ndcg@1 : 0.509205
[LightGBM] [Info] Iteration:80, valid_1 ndcg@5 : 0.49356
[LightGBM] [Info] Iteration:80, valid_1 ndcg@10 : 0.511699
[LightGBM] [Info] 270.439289 seconds elapsed, finished iteration 80
[LightGBM] [Info] Trained a tree with leaves=255 and max_depth=19
[LightGBM] [Info] Iteration:81, valid_1 ndcg@1 : 0.510706
[LightGBM] [Info] Iteration:81, valid_1 ndcg@5 : 0.494352
[LightGBM] [Info] Iteration:81, valid_1 ndcg@10 : 0.51231
[LightGBM] [Info] 273.780231 seconds elapsed, finished iteration 81
[LightGBM] [Info] Trained a tree with leaves=255 and max_depth=18
[LightGBM] [Info] Iteration:82, valid_1 ndcg@1 : 0.51159
[LightGBM] [Info] Iteration:82, valid_1 ndcg@5 : 0.494606
[LightGBM] [Info] Iteration:82, valid_1 ndcg@10 : 0.512497
[LightGBM] [Info] 276.800274 seconds elapsed, finished iteration 82
[LightGBM] [Info] Trained a tree with leaves=255 and max_depth=19
[LightGBM] [Info] Iteration:83, valid_1 ndcg@1 : 0.511703
[LightGBM] [Info] Iteration:83, valid_1 ndcg@5 : 0.494783
[LightGBM] [Info] Iteration:83, valid_1 ndcg@10 : 0.512674
[LightGBM] [Info] 280.080972 seconds elapsed, finished iteration 83
[LightGBM] [Info] Trained a tree with leaves=255 and max_depth=23
[LightGBM] [Info] Iteration:84, valid_1 ndcg@1 : 0.512316
[LightGBM] [Info] Iteration:84, valid_1 ndcg@5 : 0.495324
[LightGBM] [Info] Iteration:84, valid_1 ndcg@10 : 0.51295
[LightGBM] [Info] 283.191882 seconds elapsed, finished iteration 84
[LightGBM] [Info] Trained a tree with leaves=255 and max_depth=17
[LightGBM] [Info] Iteration:85, valid_1 ndcg@1 : 0.512028
[LightGBM] [Info] Iteration:85, valid_1 ndcg@5 : 0.495389
[LightGBM] [Info] Iteration:85, valid_1 ndcg@10 : 0.512928
[LightGBM] [Info] 286.321763 seconds elapsed, finished iteration 85
[LightGBM] [Info] Trained a tree with leaves=255 and max_depth=18
[LightGBM] [Info] Iteration:86, valid_1 ndcg@1 : 0.51225
[LightGBM] [Info] Iteration:86, valid_1 ndcg@5 : 0.495622
[LightGBM] [Info] Iteration:86, valid_1 ndcg@10 : 0.513379
[LightGBM] [Info] 289.298790 seconds elapsed, finished iteration 86
[LightGBM] [Info] Trained a tree with leaves=255 and max_depth=20
[LightGBM] [Info] Iteration:87, valid_1 ndcg@1 : 0.513662
[LightGBM] [Info] Iteration:87, valid_1 ndcg@5 : 0.496169
[LightGBM] [Info] Iteration:87, valid_1 ndcg@10 : 0.513675
[LightGBM] [Info] 292.504452 seconds elapsed, finished iteration 87
[LightGBM] [Info] Trained a tree with leaves=255 and max_depth=19
[LightGBM] [Info] Iteration:88, valid_1 ndcg@1 : 0.513126
[LightGBM] [Info] Iteration:88, valid_1 ndcg@5 : 0.496391
[LightGBM] [Info] Iteration:88, valid_1 ndcg@10 : 0.51372
[LightGBM] [Info] 295.714234 seconds elapsed, finished iteration 88
[LightGBM] [Info] Trained a tree with leaves=255 and max_depth=22
[LightGBM] [Info] Iteration:89, valid_1 ndcg@1 : 0.513582
[LightGBM] [Info] Iteration:89, valid_1 ndcg@5 : 0.49667
[LightGBM] [Info] Iteration:89, valid_1 ndcg@10 : 0.513991
[LightGBM] [Info] 298.915596 seconds elapsed, finished iteration 89
[LightGBM] [Info] Trained a tree with leaves=255 and max_depth=18
[LightGBM] [Info] Iteration:90, valid_1 ndcg@1 : 0.513934
[LightGBM] [Info] Iteration:90, valid_1 ndcg@5 : 0.497118
[LightGBM] [Info] Iteration:90, valid_1 ndcg@10 : 0.51428
[LightGBM] [Info] 301.896198 seconds elapsed, finished iteration 90
[LightGBM] [Info] Trained a tree with leaves=255 and max_depth=21
[LightGBM] [Info] Iteration:91, valid_1 ndcg@1 : 0.514523
[LightGBM] [Info] Iteration:91, valid_1 ndcg@5 : 0.497468
[LightGBM] [Info] Iteration:91, valid_1 ndcg@10 : 0.514635
[LightGBM] [Info] 304.864189 seconds elapsed, finished iteration 91
[LightGBM] [Info] Trained a tree with leaves=255 and max_depth=19
[LightGBM] [Info] Iteration:92, valid_1 ndcg@1 : 0.514121
[LightGBM] [Info] Iteration:92, valid_1 ndcg@5 : 0.497367
[LightGBM] [Info] Iteration:92, valid_1 ndcg@10 : 0.514787
[LightGBM] [Info] 308.017027 seconds elapsed, finished iteration 92
[LightGBM] [Info] Trained a tree with leaves=255 and max_depth=16
[LightGBM] [Info] Iteration:93, valid_1 ndcg@1 : 0.512369
[LightGBM] [Info] Iteration:93, valid_1 ndcg@5 : 0.497346
[LightGBM] [Info] Iteration:93, valid_1 ndcg@10 : 0.514894
[LightGBM] [Info] 311.109450 seconds elapsed, finished iteration 93
[LightGBM] [Info] Trained a tree with leaves=255 and max_depth=23
[LightGBM] [Info] Iteration:94, valid_1 ndcg@1 : 0.512481
[LightGBM] [Info] Iteration:94, valid_1 ndcg@5 : 0.497459
[LightGBM] [Info] Iteration:94, valid_1 ndcg@10 : 0.514891
[LightGBM] [Info] 314.241819 seconds elapsed, finished iteration 94
[LightGBM] [Info] Trained a tree with leaves=255 and max_depth=15
[LightGBM] [Info] Iteration:95, valid_1 ndcg@1 : 0.513127
[LightGBM] [Info] Iteration:95, valid_1 ndcg@5 : 0.497599
[LightGBM] [Info] Iteration:95, valid_1 ndcg@10 : 0.515185
[LightGBM] [Info] 317.950740 seconds elapsed, finished iteration 95
[LightGBM] [Info] Trained a tree with leaves=255 and max_depth=19
[LightGBM] [Info] Iteration:96, valid_1 ndcg@1 : 0.513734
[LightGBM] [Info] Iteration:96, valid_1 ndcg@5 : 0.497868
[LightGBM] [Info] Iteration:96, valid_1 ndcg@10 : 0.515336
[LightGBM] [Info] 321.298117 seconds elapsed, finished iteration 96
[LightGBM] [Info] Trained a tree with leaves=255 and max_depth=23
[LightGBM] [Info] Iteration:97, valid_1 ndcg@1 : 0.514129
[LightGBM] [Info] Iteration:97, valid_1 ndcg@5 : 0.498234
[LightGBM] [Info] Iteration:97, valid_1 ndcg@10 : 0.515419
[LightGBM] [Info] 324.366855 seconds elapsed, finished iteration 97
[LightGBM] [Info] Trained a tree with leaves=255 and max_depth=17
[LightGBM] [Info] Iteration:98, valid_1 ndcg@1 : 0.514067
[LightGBM] [Info] Iteration:98, valid_1 ndcg@5 : 0.498391
[LightGBM] [Info] Iteration:98, valid_1 ndcg@10 : 0.515395
[LightGBM] [Info] 327.572878 seconds elapsed, finished iteration 98
[LightGBM] [Info] Trained a tree with leaves=255 and max_depth=19
[LightGBM] [Info] Iteration:99, valid_1 ndcg@1 : 0.51413
[LightGBM] [Info] Iteration:99, valid_1 ndcg@5 : 0.498589
[LightGBM] [Info] Iteration:99, valid_1 ndcg@10 : 0.515386
[LightGBM] [Info] 330.572991 seconds elapsed, finished iteration 99
[LightGBM] [Info] Trained a tree with leaves=255 and max_depth=21
[LightGBM] [Info] Iteration:100, valid_1 ndcg@1 : 0.513352
[LightGBM] [Info] Iteration:100, valid_1 ndcg@5 : 0.498603
[LightGBM] [Info] Iteration:100, valid_1 ndcg@10 : 0.515585
[LightGBM] [Info] 333.674188 seconds elapsed, finished iteration 100
[LightGBM] [Info] Finished training
